ARM Linker, 5.03 [Build 76] [MDK-ARM Lite]

==============================================================================

Section Cross References

    main.o(i.TIM_LED_Config) refers to stm32f4xx_rcc.o(i.RCC_APB1PeriphClockCmd) for RCC_APB1PeriphClockCmd
    main.o(i.TIM_LED_Config) refers to misc.o(i.NVIC_PriorityGroupConfig) for NVIC_PriorityGroupConfig
    main.o(i.TIM_LED_Config) refers to misc.o(i.NVIC_Init) for NVIC_Init
    main.o(i.TIM_LED_Config) refers to stm32f4_discovery.o(i.STM_EVAL_LEDInit) for STM_EVAL_LEDInit
    main.o(i.TIM_LED_Config) refers to stm32f4xx_tim.o(i.TIM_TimeBaseInit) for TIM_TimeBaseInit
    main.o(i.TIM_LED_Config) refers to stm32f4xx_tim.o(i.TIM_ARRPreloadConfig) for TIM_ARRPreloadConfig
    main.o(i.TIM_LED_Config) refers to stm32f4xx_tim.o(i.TIM_OC1Init) for TIM_OC1Init
    main.o(i.TIM_LED_Config) refers to stm32f4xx_tim.o(i.TIM_OC1PreloadConfig) for TIM_OC1PreloadConfig
    main.o(i.TIM_LED_Config) refers to stm32f4xx_tim.o(i.TIM_ITConfig) for TIM_ITConfig
    main.o(i.TIM_LED_Config) refers to stm32f4xx_tim.o(i.TIM_Cmd) for TIM_Cmd
    main.o(i.TIM_LED_Config) refers to system_stm32f4xx.o(.data) for SystemCoreClock
    main.o(i.TIM_LED_Config) refers to main.o(.data) for .data
    main.o(i.main) refers to stm32f4_discovery.o(i.STM_EVAL_LEDInit) for STM_EVAL_LEDInit
    main.o(i.main) refers to stm32f4_discovery.o(i.STM_EVAL_LEDOn) for STM_EVAL_LEDOn
    main.o(i.main) refers to stm32f4xx_rcc.o(i.RCC_GetClocksFreq) for RCC_GetClocksFreq
    main.o(i.main) refers to main.o(i.TIM_LED_Config) for TIM_LED_Config
    main.o(i.main) refers to stm32f4_discovery.o(i.STM_EVAL_PBInit) for STM_EVAL_PBInit
    main.o(i.main) refers to usbh_core.o(i.USBH_Init) for USBH_Init
    main.o(i.main) refers to usbh_core.o(i.USBH_Process) for USBH_Process
    main.o(i.main) refers to main.o(.bss) for .bss
    main.o(i.main) refers to main.o(.data) for .data
    main.o(i.main) refers to stm32f4xx_it.o(.data) for LED_Toggle
    main.o(i.main) refers to usbh_usr.o(.data) for USR_Callbacks
    main.o(i.main) refers to usbh_msc_core.o(.data) for USBH_MSC_cb
    stm32f4xx_it.o(i.EXTI0_IRQHandler) refers to stm32f4xx_exti.o(i.EXTI_GetITStatus) for EXTI_GetITStatus
    stm32f4xx_it.o(i.EXTI0_IRQHandler) refers to stm32f4xx_exti.o(i.EXTI_ClearITPendingBit) for EXTI_ClearITPendingBit
    stm32f4xx_it.o(i.EXTI0_IRQHandler) refers to stm32f4_discovery_audio_codec.o(i.EVAL_AUDIO_Stop) for EVAL_AUDIO_Stop
    stm32f4xx_it.o(i.EXTI0_IRQHandler) refers to usbh_usr.o(.data) for Command_index
    stm32f4xx_it.o(i.EXTI0_IRQHandler) refers to main.o(.data) for change_file
    stm32f4xx_it.o(i.EXTI0_IRQHandler) refers to waverecorder.o(.data) for WaveRecStatus
    stm32f4xx_it.o(i.EXTI0_IRQHandler) refers to main.o(.data) for RepeatState
    stm32f4xx_it.o(i.EXTI0_IRQHandler) refers to stm32f4xx_it.o(.data) for .data
    stm32f4xx_it.o(i.EXTI0_IRQHandler) refers to waveplayer.o(.data) for XferCplt
    stm32f4xx_it.o(i.EXTI1_IRQHandler) refers to stm32f4xx_exti.o(i.EXTI_GetITStatus) for EXTI_GetITStatus
    stm32f4xx_it.o(i.EXTI1_IRQHandler) refers to stm32f4xx_exti.o(i.EXTI_ClearITPendingBit) for EXTI_ClearITPendingBit
    stm32f4xx_it.o(i.EXTI1_IRQHandler) refers to stm32f4xx_it.o(.data) for .data
    stm32f4xx_it.o(i.OTG_FS_IRQHandler) refers to usb_hcd_int.o(i.USBH_OTG_ISR_Handler) for USBH_OTG_ISR_Handler
    stm32f4xx_it.o(i.OTG_FS_IRQHandler) refers to main.o(.bss) for USB_OTG_Core
    stm32f4xx_it.o(i.SysTick_Handler) refers to waveplayer.o(i.TimingDelay_Decrement) for TimingDelay_Decrement
    stm32f4xx_it.o(i.SysTick_Handler) refers to usbh_usr.o(.data) for Command_index
    stm32f4xx_it.o(i.SysTick_Handler) refers to stm32f4xx_it.o(.data) for .data
    stm32f4xx_it.o(i.TIM2_IRQHandler) refers to usb_bsp.o(i.USB_OTG_BSP_TimerIRQ) for USB_OTG_BSP_TimerIRQ
    stm32f4xx_it.o(i.TIM4_IRQHandler) refers to stm32f4_discovery_lis302dl.o(i.LIS302DL_Read) for LIS302DL_Read
    stm32f4xx_it.o(i.TIM4_IRQHandler) refers to stm32f4xx_tim.o(i.TIM_GetITStatus) for TIM_GetITStatus
    stm32f4xx_it.o(i.TIM4_IRQHandler) refers to stm32f4xx_tim.o(i.TIM_ClearITPendingBit) for TIM_ClearITPendingBit
    stm32f4xx_it.o(i.TIM4_IRQHandler) refers to stm32f4_discovery.o(i.STM_EVAL_LEDToggle) for STM_EVAL_LEDToggle
    stm32f4xx_it.o(i.TIM4_IRQHandler) refers to stm32f4_discovery.o(i.STM_EVAL_LEDOff) for STM_EVAL_LEDOff
    stm32f4xx_it.o(i.TIM4_IRQHandler) refers to stm32f4_discovery.o(i.STM_EVAL_LEDOn) for STM_EVAL_LEDOn
    stm32f4xx_it.o(i.TIM4_IRQHandler) refers to stm32f4xx_tim.o(i.TIM_GetCapture1) for TIM_GetCapture1
    stm32f4xx_it.o(i.TIM4_IRQHandler) refers to stm32f4xx_tim.o(i.TIM_SetCompare1) for TIM_SetCompare1
    stm32f4xx_it.o(i.TIM4_IRQHandler) refers to waveplayer.o(.data) for AudioPlayStart
    stm32f4xx_it.o(i.TIM4_IRQHandler) refers to waveplayer.o(.data) for Buffer
    stm32f4xx_it.o(i.TIM4_IRQHandler) refers to stm32f4xx_it.o(.data) for .data
[...]
    .constdata                               0x08007984   Section      194  ff.o(.constdata)
    cvt                                      0x08007984   Data         128  ff.o(.constdata)
    sstbl                                    0x08007a04   Data          44  ff.o(.constdata)
    cstbl                                    0x08007a30   Data          22  ff.o(.constdata)
    .data                                    0x20000000   Section        4  main.o(.data)
    .data                                    0x20000004   Section        1  main.o(.data)
    .data                                    0x20000006   Section       19  stm32f4xx_it.o(.data)
    kek                                      0x2000000e   Data          11  stm32f4xx_it.o(.data)
    .data                                    0x2000001c   Section       20  system_stm32f4xx.o(.data)
    .data                                    0x20000030   Section        4  usb_bsp.o(.data)
    .data                                    0x20000034   Section        2  usbh_usr.o(.data)
    USBH_USR_ApplicationState                0x20000035   Data           1  usbh_usr.o(.data)
    .data                                    0x20000038   Section       72  usbh_usr.o(.data)
    .data                                    0x20000080   Section       43  waveplayer.o(.data)
    wavelen                                  0x20000084   Data           4  waveplayer.o(.data)
    SpeechDataOffset                         0x20000088   Data           4  waveplayer.o(.data)
    TimingDelay                              0x2000009c   Data           4  waveplayer.o(.data)
    kek                                      0x200000a0   Data          11  waveplayer.o(.data)
    .data                                    0x200000ab   Section        6  waveplayer.o(.data)
    .data                                    0x200000b4   Section       55  waverecorder.o(.data)
    AudioRecInited                           0x200000c0   Data           4  waverecorder.o(.data)
    InternalBufferSize                       0x200000d4   Data           4  waverecorder.o(.data)
    kek                                      0x200000e0   Data          11  waverecorder.o(.data)
    .data                                    0x200000ec   Section       20  stm32f4_discovery.o(.data)
    .data                                    0x20000100   Section        4  stm32f4_discovery_lis302dl.o(.data)
    .data                                    0x20000104   Section       64  stm32f4_discovery_audio_codec.o(.data)
    .data                                    0x20000144   Section       16  stm32f4xx_rcc.o(.data)
    APBAHBPrescTable                         0x20000144   Data          16  stm32f4xx_rcc.o(.data)
    .data                                    0x20000154   Section        1  usbh_msc_scsi.o(.data)
    status                                   0x20000154   Data           1  usbh_msc_scsi.o(.data)
    .data                                    0x20000158   Section       16  usbh_msc_bot.o(.data)
    error_direction                          0x20000158   Data           1  usbh_msc_bot.o(.data)
    remainingDataLength                      0x2000015c   Data           4  usbh_msc_bot.o(.data)
    datapointer                              0x20000160   Data           4  usbh_msc_bot.o(.data)
    BOTStallErrorCount                       0x20000164   Data           4  usbh_msc_bot.o(.data)
    .data                                    0x20000168   Section        2  usbh_msc_core.o(.data)
    maxLunExceed                             0x20000169   Data           1  usbh_msc_core.o(.data)
    .data                                    0x2000016c   Section       16  usbh_msc_core.o(.data)
    .data                                    0x2000017c   Section        1  usbh_msc_fatfs.o(.data)
    Stat                                     0x2000017c   Data           1  usbh_msc_fatfs.o(.data)
    .data                                    0x20000180   Section       16  usbh_core.o(.data)
    timeout                                  0x20000180   Data           2  usbh_core.o(.data)
    .data                                    0x20000190   Section        8  ff.o(.data)
    Fsid                                     0x20000190   Data           2  ff.o(.data)
    FatFs                                    0x20000194   Data           4  ff.o(.data)
    .data                                    0x20000198   Section      772  pdm_filter.o(.data)
    .bss                                     0x2000049c   Section     1348  main.o(.bss)
    .bss                                     0x200009e0   Section     1072  usbh_usr.o(.bss)
    .bss                                     0x20000e10   Section     1060  usbh_usr.o(.bss)
    .bss                                     0x20001234   Section     1060  usbh_usr.o(.bss)
    .bss                                     0x20001658   Section       28  usbh_usr.o(.bss)
    .bss                                     0x20001674   Section     4120  waveplayer.o(.bss)
    .bss                                     0x2000268c   Section     6756  waverecorder.o(.bss)
    InternalBuffer                           0x20004070   Data         128  waverecorder.o(.bss)
    .bss                                     0x200040f0   Section       60  stm32f4_discovery_audio_codec.o(.bss)
    .bss                                     0x2000412c   Section      528  usbh_msc_scsi.o(.bss)
    .bss                                     0x2000433c   Section       64  usbh_msc_bot.o(.bss)
    .bss                                     0x2000437c   Section       74  usbh_msc_core.o(.bss)
    STACK                                    0x200043c8   Section     1024  startup_stm32f4xx.o(STACK)

    Global Symbols

    Symbol Name                              Value     Ov Type        Size  Object(Section)

    BuildAttributes$$THM_ISAv4$E$P$D$K$B$S$7EM$PE$A:L22UL41UL21$X:L11$S22US41US21$IEEE1$IW$USESV6$~STKCKD$USESV7$~SHL$OSPACE$ROPI$EBA8$MICROLIB$REQ8$PRES8$EABIv2 0x00000000   Number         0  anon$$obj.o ABSOLUTE
    __ARM_use_no_argv                        0x00000000   Number         0  main.o ABSOLUTE
    __cpp_initialize__aeabi_                  - Undefined Weak Reference
    __cxa_finalize                            - Undefined Weak Reference
    _clock_init                               - Undefined Weak Reference
    _microlib_exit                            - Undefined Weak Reference
    __Vectors_Size                           0x00000188   Number         0  startup_stm32f4xx.o ABSOLUTE
    __Vectors                                0x08000000   Data           4  startup_stm32f4xx.o(RESET)
    __Vectors_End                            0x08000188   Data           0  startup_stm32f4xx.o(RESET)
    __main                                   0x08000189   Thumb Code     0  entry.o(.ARM.Collect$$$$00000000)
    _main_stk                                0x08000189   Thumb Code     0  entry2.o(.ARM.Collect$$$$00000001)
    _main_scatterload                        0x0800018d   Thumb Code     0  entry5.o(.ARM.Collect$$$$00000004)
    __main_after_scatterload                 0x08000191   Thumb Code     0  entry5.o(.ARM.Collect$$$$00000004)
    _main_clock                              0x08000191   Thumb Code     0  entry7b.o(.ARM.Collect$$$$00000008)
    _main_cpp_init                           0x08000191   Thumb Code     0  entry8b.o(.ARM.Collect$$$$0000000A)
    _main_init                               0x08000191   Thumb Code     0  entry9a.o(.ARM.Collect$$$$0000000B)
    __rt_final_cpp                           0x08000199   Thumb Code     0  entry10a.o(.ARM.Collect$$$$0000000D)
    __rt_final_exit                          0x08000199   Thumb Code     0  entry11a.o(.ARM.Collect$$$$0000000F)
    Reset_Handler                            0x0800019d   Thumb Code     8  startup_stm32f4xx.o(.text)
    ADC_IRQHandler                           0x080001b7   Thumb Code     0  startup_stm32f4xx.o(.text)
    CAN1_RX0_IRQHandler                      0x080001b7   Thumb Code     0  startup_stm32f4xx.o(.text)
    CAN1_RX1_IRQHandler                      0x080001b7   Thumb Code     0  startup_stm32f4xx.o(.text)
    CAN1_SCE_IRQHandler                      0x080001b7   Thumb Code     0  startup_stm32f4xx.o(.text)
    CAN1_TX_IRQHandler                       0x080001b7   Thumb Code     0  startup_stm32f4xx.o(.text)
    CAN2_RX0_IRQHandler                      0x080001b7   Thumb Code     0  startup_stm32f4xx.o(.text)
    CAN2_RX1_IRQHandler                      0x080001b7   Thumb Code     0  startup_stm32f4xx.o(.text)
    CAN2_SCE_IRQHandler                      0x080001b7   Thumb Code     0  startup_stm32f4xx.o(.text)
    CAN2_TX_IRQHandler                       0x080001b7   Thumb Code     0  startup_stm32f4xx.o(.text)
    CRYP_IRQHandler                          0x080001b7   Thumb Code     0  startup_stm32f4xx.o(.text)
    DCMI_IRQHandler                          0x080001b7   Thumb Code     0  startup_stm32f4xx.o(.text)
    DMA1_Stream1_IRQHandler                  0x080001b7   Thumb Code     0  startup_stm32f4xx.o(.text)
    DMA1_Stream2_IRQHandler                  0x080001b7   Thumb Code     0  startup_stm32f4xx.o(.text)
    DMA1_Stream3_IRQHandler                  0x080001b7   Thumb Code     0  startup_stm32f4xx.o(.text)
    DMA1_Stream4_IRQHandler                  0x080001b7   Thumb Code     0  startup_stm32f4xx.o(.text)
    DMA1_Stream5_IRQHandler                  0x080001b7   Thumb Code     0  startup_stm32f4xx.o(.text)
    DMA1_Stream6_IRQHandler                  0x080001b7   Thumb Code     0  startup_stm32f4xx.o(.text)
    DMA2_Stream0_IRQHandler                  0x080001b7   Thumb Code     0  startup_stm32f4xx.o(.text)
    DMA2_Stream1_IRQHandler                  0x080001b7   Thumb Code     0  startup_stm32f4xx.o(.text)
    DMA2_Stream2_IRQHandler                  0x080001b7   Thumb Code     0  startup_stm32f4xx.o(.text)
    DMA2_Stream3_IRQHandler                  0x080001b7   Thumb Code     0  startup_stm32f4xx.o(.text)
    DMA2_Stream4_IRQHandler                  0x080001b7   Thumb Code     0  startup_stm32f4xx.o(.text)
    DMA2_Stream5_IRQHandler                  0x080001b7   Thumb Code     0  startup_stm32f4xx.o(.text)
    DMA2_Stream6_IRQHandler                  0x080001b7   Thumb Code     0  startup_stm32f4xx.o(.text)
    DMA2_Stream7_IRQHandler                  0x080001b7   Thumb Code     0  startup_stm32f4xx.o(.text)
    ETH_IRQHandler                           0x080001b7   Thumb Code     0  startup_stm32f4xx.o(.text)
    ETH_WKUP_IRQHandler                      0x080001b7   Thumb Code     0  startup_stm32f4xx.o(.text)
    EXTI15_10_IRQHandler                     0x080001b7   Thumb Code     0  startup_stm32f4xx.o(.text)
    EXTI2_IRQHandler                         0x080001b7   Thumb Code     0  startup_stm32f4xx.o(.text)
    EXTI3_IRQHandler                         0x080001b7   Thumb Code     0  startup_stm32f4xx.o(.text)
    EXTI4_IRQHandler                         0x080001b7   Thumb Code     0  startup_stm32f4xx.o(.text)
    EXTI9_5_IRQHandler                       0x080001b7   Thumb Code     0  startup_stm32f4xx.o(.text)
    FLASH_IRQHandler                         0x080001b7   Thumb Code     0  startup_stm32f4xx.o(.text)
    FPU_IRQHandler                           0x080001b7   Thumb Code     0  startup_stm32f4xx.o(.text)
    FSMC_IRQHandler                          0x080001b7   Thumb Code     0  startup_stm32f4xx.o(.text)
    HASH_RNG_IRQHandler                      0x080001b7   Thumb Code     0  startup_stm32f4xx.o(.text)
    I2C1_ER_IRQHandler                       0x080001b7   Thumb Code     0  startup_stm32f4xx.o(.text)
    I2C1_EV_IRQHandler                       0x080001b7   Thumb Code     0  startup_stm32f4xx.o(.text)
    I2C2_ER_IRQHandler                       0x080001b7   Thumb Code     0  startup_stm32f4xx.o(.text)
    I2C2_EV_IRQHandler                       0x080001b7   Thumb Code     0  startup_stm32f4xx.o(.text)
    I2C3_ER_IRQHandler                       0x080001b7   Thumb Code     0  startup_stm32f4xx.o(.text)
    I2C3_EV_IRQHandler                       0x080001b7   Thumb Code     0  startup_stm32f4xx.o(.text)
    OTG_FS_WKUP_IRQHandler                   0x080001b7   Thumb Code     0  startup_stm32f4xx.o(.text)
    OTG_HS_EP1_IN_IRQHandler                 0x080001b7   Thumb Code     0  startup_stm32f4xx.o(.text)
    OTG_HS_EP1_OUT_IRQHandler                0x080001b7   Thumb Code     0  startup_stm32f4xx.o(.text)
    OTG_HS_IRQHandler                        0x080001b7   Thumb Code     0  startup_stm32f4xx.o(.text)
    OTG_HS_WKUP_IRQHandler                   0x080001b7   Thumb Code     0  startup_stm32f4xx.o(.text)
    PVD_IRQHandler                           0x080001b7   Thumb Code     0  startup_stm32f4xx.o(.text)
    RCC_IRQHandler                           0x080001b7   Thumb Code     0  startup_stm32f4xx.o(.text)
    RTC_Alarm_IRQHandler                     0x080001b7   Thumb Code     0  startup_stm32f4xx.o(.text)
    RTC_WKUP_IRQHandler                      0x080001b7   Thumb Code     0  startup_stm32f4xx.o(.text)
    SDIO_IRQHandler                          0x080001b7   Thumb Code     0  startup_stm32f4xx.o(.text)
    SPI1_IRQHandler                          0x080001b7   Thumb Code     0  startup_stm32f4xx.o(.text)
    TAMP_STAMP_IRQHandler                    0x080001b7   Thumb Code     0  startup_stm32f4xx.o(.text)
    TIM1_BRK_TIM9_IRQHandler                 0x080001b7   Thumb Code     0  startup_stm32f4xx.o(.text)
    TIM1_CC_IRQHandler                       0x080001b7   Thumb Code     0  startup_stm32f4xx.o(.text)
    TIM1_TRG_COM_TIM11_IRQHandler            0x080001b7   Thumb Code     0  startup_stm32f4xx.o(.text)
    TIM1_UP_TIM10_IRQHandler                 0x080001b7   Thumb Code     0  startup_stm32f4xx.o(.text)
    TIM3_IRQHandler                          0x080001b7   Thumb Code     0  startup_stm32f4xx.o(.text)
    TIM5_IRQHandler                          0x080001b7   Thumb Code     0  startup_stm32f4xx.o(.text)
    TIM6_DAC_IRQHandler                      0x080001b7   Thumb Code     0  startup_stm32f4xx.o(.text)
    TIM7_IRQHandler                          0x080001b7   Thumb Code     0  startup_stm32f4xx.o(.text)
    TIM8_BRK_TIM12_IRQHandler                0x080001b7   Thumb Code     0  startup_stm32f4xx.o(.text)
    TIM8_CC_IRQHandler                       0x080001b7   Thumb Code     0  startup_stm32f4xx.o(.text)
    TIM8_TRG_COM_TIM14_IRQHandler            0x080001b7   Thumb Code     0  startup_stm32f4xx.o(.text)
    TIM8_UP_TIM13_IRQHandler                 0x080001b7   Thumb Code     0  startup_stm32f4xx.o(.text)
    UART4_IRQHandler                         0x080001b7   Thumb Code     0  startup_stm32f4xx.o(.text)
    UART5_IRQHandler                         0x080001b7   Thumb Code     0  startup_stm32f4xx.o(.text)
    USART1_IRQHandler                        0x080001b7   Thumb Code     0  startup_stm32f4xx.o(.text)
    USART2_IRQHandler                        0x080001b7   Thumb Code     0  startup_stm32f4xx.o(.text)
    USART3_IRQHandler                        0x080001b7   Thumb Code     0  startup_stm32f4xx.o(.text)
    USART6_IRQHandler                        0x080001b7   Thumb Code     0  startup_stm32f4xx.o(.text)
    WWDG_IRQHandler                          0x080001b7   Thumb Code     0  startup_stm32f4xx.o(.text)
    PDM_Filter_Init                          0x080001c1   Thumb Code   222  pdm_filter.o(.text)
    PDM_Filter_64_LSB                        0x0800029f   Thumb Code   660  pdm_filter.o(.text)
    PDM_Filter_80_LSB                        0x08000533   Thumb Code   692  pdm_filter.o(.text)
    PDM_Filter_64_MSB                        0x080007e7   Thumb Code   658  pdm_filter.o(.text)
    PDM_Filter_80_MSB                        0x08000a79   Thumb Code   830  pdm_filter.o(.text)
    __ARM_scalbnf                            0x08000dbd   Thumb Code    24  fscalb.o(.text)
    scalbnf                                  0x08000dbd   Thumb Code     0  fscalb.o(.text)
    __aeabi_dadd                             0x08000dd5   Thumb Code   322  dadd.o(.text)
    __aeabi_dsub                             0x08000f17   Thumb Code     6  dadd.o(.text)
    __aeabi_drsub                            0x08000f1d   Thumb Code     6  dadd.o(.text)
    __aeabi_dmul                             0x08000f23   Thumb Code   228  dmul.o(.text)
    __aeabi_ddiv                             0x08001007   Thumb Code   222  ddiv.o(.text)
    __aeabi_ui2d                             0x080010e5   Thumb Code    26  dfltui.o(.text)
    __aeabi_d2uiz                            0x080010ff   Thumb Code    50  dfixui.o(.text)
    __aeabi_f2d                              0x08001131   Thumb Code    38  f2d.o(.text)
    __aeabi_llsl                             0x08001157   Thumb Code    30  llshl.o(.text)
    _ll_shift_l                              0x08001157   Thumb Code     0  llshl.o(.text)
    __aeabi_llsr                             0x08001175   Thumb Code    32  llushr.o(.text)
    _ll_ushift_r                             0x08001175   Thumb Code     0  llushr.o(.text)
    __aeabi_lasr                             0x08001195   Thumb Code    36  llsshr.o(.text)
    _ll_sshift_r                             0x08001195   Thumb Code     0  llsshr.o(.text)
    __I$use$fp                               0x080011b9   Thumb Code     0  iusefp.o(.text)
    _double_round                            0x080011b9   Thumb Code    26  depilogue.o(.text)
    _double_epilogue                         0x080011d3   Thumb Code   164  depilogue.o(.text)
    __scatterload                            0x08001279   Thumb Code    28  init.o(.text)
    __scatterload_rt2                        0x08001279   Thumb Code     0  init.o(.text)
    __decompress                             0x0800129d   Thumb Code     0  __dczerorl2.o(.text)
    __decompress1                            0x0800129d   Thumb Code    92  __dczerorl2.o(.text)
    Audio_MAL_Play                           0x08001461   Thumb Code    66  stm32f4_discovery_audio_codec.o(i.Audio_MAL_Play)
    BusFault_Handler                         0x0800153f   Thumb Code     2  stm32f4xx_it.o(i.BusFault_Handler)
    COMMAND_AudioExecuteApplication          0x08001541   Thumb Code    32  usbh_usr.o(i.COMMAND_AudioExecuteApplication)
    Codec_TIMEOUT_UserCallback               0x080019c9   Thumb Code     4  waveplayer.o(i.Codec_TIMEOUT_UserCallback)
    DAC_Cmd                                  0x08001af5   Thumb Code    20  stm32f4xx_dac.o(i.DAC_Cmd)
    DAC_Config                               0x08001b0d   Thumb Code    70  stm32f4_discovery_audio_codec.o(i.DAC_Config)
    DAC_Init                                 0x08001b5d   Thumb Code    36  stm32f4xx_dac.o(i.DAC_Init)
    DAC_SetChannel1Data                      0x08001b85   Thumb Code    14  stm32f4xx_dac.o(i.DAC_SetChannel1Data)
    DMA1_Stream0_IRQHandler                  0x08001b99   Thumb Code     4  stm32f4_discovery_audio_codec.o(i.DMA1_Stream0_IRQHandler)
    DMA1_Stream7_IRQHandler                  0x08001b9d   Thumb Code     4  stm32f4_discovery_audio_codec.o(i.DMA1_Stream7_IRQHandler)
    DMA_ClearFlag                            0x08001ba1   Thumb Code    32  stm32f4xx_dma.o(i.DMA_ClearFlag)
    DMA_Cmd                                  0x08001bcd   Thumb Code    20  stm32f4xx_dma.o(i.DMA_Cmd)
    DMA_DeInit                               0x08001be1   Thumb Code   272  stm32f4xx_dma.o(i.DMA_DeInit)
    DMA_GetCmdStatus                         0x08001d05   Thumb Code    14  stm32f4xx_dma.o(i.DMA_GetCmdStatus)
    DMA_GetFlagStatus                        0x08001d15   Thumb Code    40  stm32f4xx_dma.o(i.DMA_GetFlagStatus)
    DMA_ITConfig                             0x08001d49   Thumb Code    52  stm32f4xx_dma.o(i.DMA_ITConfig)
    DMA_Init                                 0x08001d7d   Thumb Code    80  stm32f4xx_dma.o(i.DMA_Init)
    DebugMon_Handler                         0x08001dd1   Thumb Code     2  stm32f4xx_it.o(i.DebugMon_Handler)
    Delay                                    0x08001dd5   Thumb Code    16  waveplayer.o(i.Delay)
    EVAL_AUDIO_GetSampleCallBack             0x08001df9   Thumb Code     4  waveplayer.o(i.EVAL_AUDIO_GetSampleCallBack)
    EVAL_AUDIO_Init                          0x08001dfd   Thumb Code    40  stm32f4_discovery_audio_codec.o(i.EVAL_AUDIO_Init)
    EVAL_AUDIO_PauseResume                   0x08001e25   Thumb Code   122  stm32f4_discovery_audio_codec.o(i.EVAL_AUDIO_PauseResume)
    EVAL_AUDIO_SetAudioInterface             0x08001ea9   Thumb Code   114  stm32f4_discovery_audio_codec.o(i.EVAL_AUDIO_SetAudioInterface)
    EVAL_AUDIO_Stop                          0x08001f35   Thumb Code   106  stm32f4_discovery_audio_codec.o(i.EVAL_AUDIO_Stop)
    EVAL_AUDIO_TransferComplete_CallBack     0x08001fad   Thumb Code    32  waveplayer.o(i.EVAL_AUDIO_TransferComplete_CallBack)
    EXTI0_IRQHandler                         0x08001fd1   Thumb Code   114  stm32f4xx_it.o(i.EXTI0_IRQHandler)
    EXTI1_IRQHandler                         0x0800205d   Thumb Code    46  stm32f4xx_it.o(i.EXTI1_IRQHandler)
    EXTI_ClearITPendingBit                   0x08002105   Thumb Code     6  stm32f4xx_exti.o(i.EXTI_ClearITPendingBit)
    EXTI_GetITStatus                         0x08002111   Thumb Code    28  stm32f4xx_exti.o(i.EXTI_GetITStatus)
    EXTI_Init                                0x08002131   Thumb Code   108  stm32f4xx_exti.o(i.EXTI_Init)
    GPIO_Init                                0x080021a1   Thumb Code   162  stm32f4xx_gpio.o(i.GPIO_Init)
    GPIO_PinAFConfig                         0x08002243   Thumb Code    32  stm32f4xx_gpio.o(i.GPIO_PinAFConfig)
    GPIO_ResetBits                           0x08002263   Thumb Code     4  stm32f4xx_gpio.o(i.GPIO_ResetBits)
    GPIO_SetBits                             0x08002267   Thumb Code     4  stm32f4xx_gpio.o(i.GPIO_SetBits)
    GPIO_WriteBit                            0x0800226b   Thumb Code    10  stm32f4xx_gpio.o(i.GPIO_WriteBit)
    HCD_GetCurrentFrame                      0x08002275   Thumb Code     8  usb_hcd.o(i.HCD_GetCurrentFrame)
    HCD_GetCurrentSpeed                      0x0800227d   Thumb Code    12  usb_hcd.o(i.HCD_GetCurrentSpeed)
    HCD_GetURB_State                         0x08002289   Thumb Code     8  usb_hcd.o(i.HCD_GetURB_State)
    HCD_GetXferCnt                           0x08002291   Thumb Code    10  usb_hcd.o(i.HCD_GetXferCnt)
    HCD_Init                                 0x0800229b   Thumb Code    86  usb_hcd.o(i.HCD_Init)
    HCD_IsDeviceConnected                    0x080022f1   Thumb Code     6  usb_hcd.o(i.HCD_IsDeviceConnected)
    HCD_ResetPort                            0x080022f7   Thumb Code    10  usb_hcd.o(i.HCD_ResetPort)
    HCD_SubmitRequest                        0x08002301   Thumb Code    20  usb_hcd.o(i.HCD_SubmitRequest)
    HardFault_Handler                        0x08002315   Thumb Code     2  stm32f4xx_it.o(i.HardFault_Handler)
    I2C_AcknowledgeConfig                    0x08002317   Thumb Code    20  stm32f4xx_i2c.o(i.I2C_AcknowledgeConfig)
    I2C_CheckEvent                           0x0800232b   Thumb Code    24  stm32f4xx_i2c.o(i.I2C_CheckEvent)
    I2C_ClearFlag                            0x08002343   Thumb Code     6  stm32f4xx_i2c.o(i.I2C_ClearFlag)
    I2C_Cmd                                  0x08002349   Thumb Code    20  stm32f4xx_i2c.o(i.I2C_Cmd)
    I2C_DeInit                               0x0800235d   Thumb Code    56  stm32f4xx_i2c.o(i.I2C_DeInit)
    I2C_GenerateSTART                        0x080023a1   Thumb Code    20  stm32f4xx_i2c.o(i.I2C_GenerateSTART)
    I2C_GenerateSTOP                         0x080023b5   Thumb Code    20  stm32f4xx_i2c.o(i.I2C_GenerateSTOP)
    I2C_GetFlagStatus                        0x080023c9   Thumb Code    42  stm32f4xx_i2c.o(i.I2C_GetFlagStatus)
    I2C_Init                                 0x080023f5   Thumb Code   172  stm32f4xx_i2c.o(i.I2C_Init)
    I2C_ReceiveData                          0x080024a9   Thumb Code     6  stm32f4xx_i2c.o(i.I2C_ReceiveData)
    I2C_Send7bitAddress                      0x080024af   Thumb Code    16  stm32f4xx_i2c.o(i.I2C_Send7bitAddress)
    I2C_SendData                             0x080024bf   Thumb Code     4  stm32f4xx_i2c.o(i.I2C_SendData)
    I2S_Cmd                                  0x080024c3   Thumb Code    20  stm32f4xx_spi.o(i.I2S_Cmd)
    I2S_Init                                 0x080024d9   Thumb Code   190  stm32f4xx_spi.o(i.I2S_Init)
    LIS302DL_Init                            0x080025a1   Thumb Code    48  stm32f4_discovery_lis302dl.o(i.LIS302DL_Init)
    LIS302DL_InterruptConfig                 0x080025d1   Thumb Code    46  stm32f4_discovery_lis302dl.o(i.LIS302DL_InterruptConfig)
    LIS302DL_Read                            0x08002721   Thumb Code    70  stm32f4_discovery_lis302dl.o(i.LIS302DL_Read)
    LIS302DL_TIMEOUT_UserCallback            0x080027d1   Thumb Code     2  waveplayer.o(i.LIS302DL_TIMEOUT_UserCallback)
    LIS302DL_Write                           0x080027d5   Thumb Code    64  stm32f4_discovery_lis302dl.o(i.LIS302DL_Write)
    MemManage_Handler                        0x08002819   Thumb Code     2  stm32f4xx_it.o(i.MemManage_Handler)
    NMI_Handler                              0x080028d7   Thumb Code     2  stm32f4xx_it.o(i.NMI_Handler)
    NVIC_Init                                0x080028d9   Thumb Code    92  misc.o(i.NVIC_Init)
    NVIC_PriorityGroupConfig                 0x0800293d   Thumb Code    10  misc.o(i.NVIC_PriorityGroupConfig)
    NVIC_SetVectorTable                      0x08002951   Thumb Code    12  misc.o(i.NVIC_SetVectorTable)
    OTG_FS_IRQHandler                        0x08002965   Thumb Code     6  stm32f4xx_it.o(i.OTG_FS_IRQHandler)
    PendSV_Handler                           0x08002971   Thumb Code     2  stm32f4xx_it.o(i.PendSV_Handler)
    RCC_AHB1PeriphClockCmd                   0x08002975   Thumb Code    18  stm32f4xx_rcc.o(i.RCC_AHB1PeriphClockCmd)
    RCC_AHB2PeriphClockCmd                   0x0800298d   Thumb Code    18  stm32f4xx_rcc.o(i.RCC_AHB2PeriphClockCmd)
    RCC_APB1PeriphClockCmd                   0x080029a5   Thumb Code    18  stm32f4xx_rcc.o(i.RCC_APB1PeriphClockCmd)
    RCC_APB1PeriphResetCmd                   0x080029bd   Thumb Code    18  stm32f4xx_rcc.o(i.RCC_APB1PeriphResetCmd)
    RCC_APB2PeriphClockCmd                   0x080029d5   Thumb Code    18  stm32f4xx_rcc.o(i.RCC_APB2PeriphClockCmd)
    RCC_APB2PeriphResetCmd                   0x080029ed   Thumb Code    18  stm32f4xx_rcc.o(i.RCC_APB2PeriphResetCmd)
    RCC_GetClocksFreq                        0x08002a05   Thumb Code   132  stm32f4xx_rcc.o(i.RCC_GetClocksFreq)
    ReadUnit                                 0x08002a95   Thumb Code    34  waveplayer.o(i.ReadUnit)
    SPI2_IRQHandler                          0x08002ab9   Thumb Code    64  waverecorder.o(i.SPI2_IRQHandler)
    SPI3_IRQHandler                          0x08002b09   Thumb Code    54  stm32f4_discovery_audio_codec.o(i.SPI3_IRQHandler)
    SPI_Cmd                                  0x08002b49   Thumb Code    20  stm32f4xx_spi.o(i.SPI_Cmd)
    SPI_I2S_DMACmd                           0x08002b5d   Thumb Code    16  stm32f4xx_spi.o(i.SPI_I2S_DMACmd)
    SPI_I2S_DeInit                           0x08002b6d   Thumb Code    72  stm32f4xx_spi.o(i.SPI_I2S_DeInit)
    SPI_I2S_GetFlagStatus                    0x08002bc1   Thumb Code    14  stm32f4xx_spi.o(i.SPI_I2S_GetFlagStatus)
    SPI_I2S_GetITStatus                      0x08002bcf   Thumb Code    42  stm32f4xx_spi.o(i.SPI_I2S_GetITStatus)
    SPI_I2S_ITConfig                         0x08002bf9   Thumb Code    24  stm32f4xx_spi.o(i.SPI_I2S_ITConfig)
    SPI_I2S_ReceiveData                      0x08002c11   Thumb Code     4  stm32f4xx_spi.o(i.SPI_I2S_ReceiveData)
    SPI_I2S_SendData                         0x08002c15   Thumb Code     4  stm32f4xx_spi.o(i.SPI_I2S_SendData)
    SPI_Init                                 0x08002c19   Thumb Code    56  stm32f4xx_spi.o(i.SPI_Init)
    STM_EVAL_LEDInit                         0x08002c51   Thumb Code    62  stm32f4_discovery.o(i.STM_EVAL_LEDInit)
    STM_EVAL_LEDOff                          0x08002c99   Thumb Code    16  stm32f4_discovery.o(i.STM_EVAL_LEDOff)
    STM_EVAL_LEDOn                           0x08002cb1   Thumb Code    16  stm32f4_discovery.o(i.STM_EVAL_LEDOn)
    STM_EVAL_LEDToggle                       0x08002cc9   Thumb Code    20  stm32f4_discovery.o(i.STM_EVAL_LEDToggle)
    STM_EVAL_PBInit                          0x08002ce5   Thumb Code   144  stm32f4_discovery.o(i.STM_EVAL_PBInit)
    SVC_Handler                              0x08002d7d   Thumb Code     2  stm32f4xx_it.o(i.SVC_Handler)
    SYSCFG_EXTILineConfig                    0x08002d81   Thumb Code    34  stm32f4xx_syscfg.o(i.SYSCFG_EXTILineConfig)
    SysTick_Handler                          0x08002e81   Thumb Code    24  stm32f4xx_it.o(i.SysTick_Handler)
    SystemInit                               0x08002ea1   Thumb Code    62  system_stm32f4xx.o(i.SystemInit)
    TIM2_IRQHandler                          0x08002ef1   Thumb Code     4  stm32f4xx_it.o(i.TIM2_IRQHandler)
    TIM4_IRQHandler                          0x08002ef5   Thumb Code   196  stm32f4xx_it.o(i.TIM4_IRQHandler)
    TIM_ARRPreloadConfig                     0x08002fcd   Thumb Code    20  stm32f4xx_tim.o(i.TIM_ARRPreloadConfig)
    TIM_ClearITPendingBit                    0x08002fe1   Thumb Code     6  stm32f4xx_tim.o(i.TIM_ClearITPendingBit)
    TIM_Cmd                                  0x08002fe7   Thumb Code    20  stm32f4xx_tim.o(i.TIM_Cmd)
    TIM_GetCapture1                          0x08002ffb   Thumb Code     4  stm32f4xx_tim.o(i.TIM_GetCapture1)
    TIM_GetITStatus                          0x08002fff   Thumb Code    24  stm32f4xx_tim.o(i.TIM_GetITStatus)
    TIM_ITConfig                             0x08003017   Thumb Code    16  stm32f4xx_tim.o(i.TIM_ITConfig)
    TIM_OC1Init                              0x080030e5   Thumb Code    88  stm32f4xx_tim.o(i.TIM_OC1Init)
    TIM_OC1PreloadConfig                     0x08003145   Thumb Code    12  stm32f4xx_tim.o(i.TIM_OC1PreloadConfig)
    TIM_SetCompare1                          0x08003151   Thumb Code     4  stm32f4xx_tim.o(i.TIM_SetCompare1)
    TIM_TimeBaseInit                         0x08003155   Thumb Code    96  stm32f4xx_tim.o(i.TIM_TimeBaseInit)
    TimingDelay_Decrement                    0x080031d1   Thumb Code    16  waveplayer.o(i.TimingDelay_Decrement)
    USBH_Alloc_Channel                       0x080031e5   Thumb Code    52  usbh_hcs.o(i.USBH_Alloc_Channel)
    USBH_BulkReceiveData                     0x08003219   Thumb Code    38  usbh_ioreq.o(i.USBH_BulkReceiveData)
    USBH_BulkSendData                        0x0800323f   Thumb Code    40  usbh_ioreq.o(i.USBH_BulkSendData)
    USBH_ClrFeature                          0x08003267   Thumb Code    46  usbh_stdreq.o(i.USBH_ClrFeature)
    USBH_Connect                             0x08003295   Thumb Code    18  usbh_core.o(i.USBH_Connect)
    USBH_CtlReceiveData                      0x080032a7   Thumb Code    34  usbh_ioreq.o(i.USBH_CtlReceiveData)
    USBH_CtlReq                              0x080032c9   Thumb Code    80  usbh_ioreq.o(i.USBH_CtlReq)
    USBH_CtlSendData                         0x08003319   Thumb Code    54  usbh_ioreq.o(i.USBH_CtlSendData)
    USBH_CtlSendSetup                        0x0800334f   Thumb Code    36  usbh_ioreq.o(i.USBH_CtlSendSetup)
    USBH_DeAllocate_AllChannel               0x08003373   Thumb Code    24  usbh_hcs.o(i.USBH_DeAllocate_AllChannel)
    USBH_DeInit                              0x0800338b   Thumb Code    52  usbh_core.o(i.USBH_DeInit)
    USBH_Disconnect                          0x080033bf   Thumb Code    18  usbh_core.o(i.USBH_Disconnect)
    USBH_ErrorHandle                         0x080033d1   Thumb Code    44  usbh_core.o(i.USBH_ErrorHandle)
    USBH_Free_Channel                        0x080033fd   Thumb Code    26  usbh_hcs.o(i.USBH_Free_Channel)
    USBH_GetDescriptor                       0x08003417   Thumb Code    48  usbh_stdreq.o(i.USBH_GetDescriptor)
    USBH_Get_CfgDesc                         0x08003455   Thumb Code    58  usbh_stdreq.o(i.USBH_Get_CfgDesc)
    USBH_Get_DevDesc                         0x0800348f   Thumb Code   132  usbh_stdreq.o(i.USBH_Get_DevDesc)
    USBH_Get_StringDesc                      0x08003513   Thumb Code    72  usbh_stdreq.o(i.USBH_Get_StringDesc)
    USBH_HandleControl                       0x0800355d   Thumb Code   458  usbh_core.o(i.USBH_HandleControl)
    USBH_Init                                0x080038c1   Thumb Code    80  usbh_core.o(i.USBH_Init)
    USBH_MSC_BOT_Abort                       0x08003915   Thumb Code    48  usbh_msc_bot.o(i.USBH_MSC_BOT_Abort)
    USBH_MSC_DecodeCSW                       0x08003959   Thumb Code    78  usbh_msc_bot.o(i.USBH_MSC_DecodeCSW)
    USBH_MSC_ErrorHandle                     0x080039b5   Thumb Code    42  usbh_msc_core.o(i.USBH_MSC_ErrorHandle)
    USBH_MSC_HandleBOTXfer                   0x08003b4d   Thumb Code   502  usbh_msc_bot.o(i.USBH_MSC_HandleBOTXfer)
    USBH_MSC_Init                            0x08003d51   Thumb Code    40  usbh_msc_bot.o(i.USBH_MSC_Init)
    USBH_MSC_ModeSense6                      0x08003e65   Thumb Code   142  usbh_msc_scsi.o(i.USBH_MSC_ModeSense6)
    USBH_MSC_Read10                          0x08003f01   Thumb Code   204  usbh_msc_scsi.o(i.USBH_MSC_Read10)
    USBH_MSC_ReadCapacity10                  0x08003fd9   Thumb Code   148  usbh_msc_scsi.o(i.USBH_MSC_ReadCapacity10)
    USBH_MSC_RequestSense                    0x08004079   Thumb Code   146  usbh_msc_scsi.o(i.USBH_MSC_RequestSense)
    USBH_MSC_TestUnitReady                   0x08004119   Thumb Code   116  usbh_msc_scsi.o(i.USBH_MSC_TestUnitReady)
    USBH_MSC_Write10                         0x08004199   Thumb Code   148  usbh_msc_scsi.o(i.USBH_MSC_Write10)
    USBH_Modify_Channel                      0x08004235   Thumb Code    50  usbh_hcs.o(i.USBH_Modify_Channel)
    USBH_OTG_ISR_Handler                     0x08004267   Thumb Code   168  usb_hcd_int.o(i.USBH_OTG_ISR_Handler)
    USBH_Open_Channel                        0x0800430f   Thumb Code    80  usbh_hcs.o(i.USBH_Open_Channel)
    USBH_Process                             0x08004449   Thumb Code   426  usbh_core.o(i.USBH_Process)
    USBH_SetAddress                          0x080045f3   Thumb Code    24  usbh_stdreq.o(i.USBH_SetAddress)
    USBH_SetCfg                              0x0800460b   Thumb Code    24  usbh_stdreq.o(i.USBH_SetCfg)
    USBH_USR_Configuration_DescAvailable     0x08004623   Thumb Code     2  usbh_usr.o(i.USBH_USR_Configuration_DescAvailable)
    USBH_USR_DeInit                          0x08004625   Thumb Code     8  usbh_usr.o(i.USBH_USR_DeInit)
    USBH_USR_DeviceAddressAssigned           0x08004631   Thumb Code     2  usbh_usr.o(i.USBH_USR_DeviceAddressAssigned)
    USBH_USR_DeviceAttached                  0x08004635   Thumb Code    40  usbh_usr.o(i.USBH_USR_DeviceAttached)
    USBH_USR_DeviceDisconnected              0x08004669   Thumb Code    72  usbh_usr.o(i.USBH_USR_DeviceDisconnected)
    USBH_USR_DeviceNotSupported              0x080046c5   Thumb Code     2  usbh_usr.o(i.USBH_USR_DeviceNotSupported)
    USBH_USR_DeviceSpeedDetected             0x080046c7   Thumb Code     2  usbh_usr.o(i.USBH_USR_DeviceSpeedDetected)
    USBH_USR_Device_DescAvailable            0x080046c9   Thumb Code     2  usbh_usr.o(i.USBH_USR_Device_DescAvailable)
    USBH_USR_EnumerationDone                 0x080046cb   Thumb Code    18  usbh_usr.o(i.USBH_USR_EnumerationDone)
    USBH_USR_Init                            0x080046dd   Thumb Code     2  usbh_usr.o(i.USBH_USR_Init)
    USBH_USR_MSC_Application                 0x080046e1   Thumb Code    62  usbh_usr.o(i.USBH_USR_MSC_Application)
    USBH_USR_Manufacturer_String             0x0800472d   Thumb Code     2  usbh_usr.o(i.USBH_USR_Manufacturer_String)
    USBH_USR_OverCurrentDetected             0x0800472f   Thumb Code     2  usbh_usr.o(i.USBH_USR_OverCurrentDetected)
    USBH_USR_Product_String                  0x08004731   Thumb Code     2  usbh_usr.o(i.USBH_USR_Product_String)
    USBH_USR_ResetDevice                     0x08004733   Thumb Code     2  usbh_usr.o(i.USBH_USR_ResetDevice)
    USBH_USR_SerialNum_String                0x08004735   Thumb Code     2  usbh_usr.o(i.USBH_USR_SerialNum_String)
    USBH_USR_UnrecoveredError                0x08004737   Thumb Code     2  usbh_usr.o(i.USBH_USR_UnrecoveredError)
    USBH_USR_UserInput                       0x08004739   Thumb Code     4  usbh_usr.o(i.USBH_USR_UserInput)
    USB_OTG_BSP_ConfigVBUS                   0x0800473d   Thumb Code    60  usb_bsp.o(i.USB_OTG_BSP_ConfigVBUS)
    USB_OTG_BSP_DriveVBUS                    0x0800477d   Thumb Code    18  usb_bsp.o(i.USB_OTG_BSP_DriveVBUS)
    USB_OTG_BSP_EnableInterrupt              0x08004795   Thumb Code    64  usb_bsp.o(i.USB_OTG_BSP_EnableInterrupt)
    USB_OTG_BSP_Init                         0x080047d5   Thumb Code   180  usb_bsp.o(i.USB_OTG_BSP_Init)
    USB_OTG_BSP_TimerIRQ                     0x0800488d   Thumb Code    50  usb_bsp.o(i.USB_OTG_BSP_TimerIRQ)
    USB_OTG_BSP_mDelay                       0x080048c5   Thumb Code     6  usb_bsp.o(i.USB_OTG_BSP_mDelay)
    USB_OTG_BSP_uDelay                       0x080048cb   Thumb Code     6  usb_bsp.o(i.USB_OTG_BSP_uDelay)
    USB_OTG_CoreInit                         0x080048d1   Thumb Code   218  usb_core.o(i.USB_OTG_CoreInit)
    USB_OTG_CoreInitHost                     0x080049ad   Thumb Code   150  usb_core.o(i.USB_OTG_CoreInitHost)
    USB_OTG_DisableGlobalInt                 0x08004a9d   Thumb Code    16  usb_core.o(i.USB_OTG_DisableGlobalInt)
    USB_OTG_DriveVbus                        0x08004aad   Thumb Code    52  usb_core.o(i.USB_OTG_DriveVbus)
    USB_OTG_EnableGlobalInt                  0x08004ae1   Thumb Code    16  usb_core.o(i.USB_OTG_EnableGlobalInt)
    USB_OTG_EnableHostInt                    0x08004af1   Thumb Code    62  usb_core.o(i.USB_OTG_EnableHostInt)
    USB_OTG_FlushRxFifo                      0x08004b35   Thumb Code    52  usb_core.o(i.USB_OTG_FlushRxFifo)
    USB_OTG_FlushTxFifo                      0x08004b6d   Thumb Code    60  usb_core.o(i.USB_OTG_FlushTxFifo)
    USB_OTG_HC_DoPing                        0x08004bad   Thumb Code    42  usb_core.o(i.USB_OTG_HC_DoPing)
    USB_OTG_HC_Halt                          0x08004bd7   Thumb Code    60  usb_core.o(i.USB_OTG_HC_Halt)
    USB_OTG_HC_Init                          0x08004c13   Thumb Code   236  usb_core.o(i.USB_OTG_HC_Init)
    USB_OTG_HC_StartXfer                     0x08004cff   Thumb Code   258  usb_core.o(i.USB_OTG_HC_StartXfer)
    USB_OTG_InitFSLSPClkSel                  0x08004e01   Thumb Code    12  usb_core.o(i.USB_OTG_InitFSLSPClkSel)
    USB_OTG_IsEvenFrame                      0x08004e0d   Thumb Code    12  usb_core.o(i.USB_OTG_IsEvenFrame)
    USB_OTG_IsHostMode                       0x08004e19   Thumb Code    14  usb_core.o(i.USB_OTG_IsHostMode)
    USB_OTG_ReadCoreItr                      0x08004e27   Thumb Code    10  usb_core.o(i.USB_OTG_ReadCoreItr)
    USB_OTG_ReadHPRT0                        0x08004e31   Thumb Code    12  usb_core.o(i.USB_OTG_ReadHPRT0)
    USB_OTG_ReadHostAllChannels_intr         0x08004e3d   Thumb Code     6  usb_core.o(i.USB_OTG_ReadHostAllChannels_intr)
    USB_OTG_ReadPacket                       0x08004e43   Thumb Code    32  usb_core.o(i.USB_OTG_ReadPacket)
    USB_OTG_ResetPort                        0x08004e63   Thumb Code    42  usb_core.o(i.USB_OTG_ResetPort)
    USB_OTG_SelectCore                       0x08004e8d   Thumb Code   188  usb_core.o(i.USB_OTG_SelectCore)
    USB_OTG_SetCurrentMode                   0x08004f4d   Thumb Code    42  usb_core.o(i.USB_OTG_SetCurrentMode)
    USB_OTG_WritePacket                      0x08005ce1   Thumb Code    40  usb_core.o(i.USB_OTG_WritePacket)
    UsageFault_Handler                       0x08005d09   Thumb Code     2  stm32f4xx_it.o(i.UsageFault_Handler)
    WavaRecorderHeaderInit                   0x08005d0b   Thumb Code   182  waverecorder.o(i.WavaRecorderHeaderInit)
    WavePlayBack                             0x08005dc1   Thumb Code   272  waveplayer.o(i.WavePlayBack)
    WavePlayerInit                           0x08005f01   Thumb Code    34  waveplayer.o(i.WavePlayerInit)
    WavePlayerStart                          0x08005f29   Thumb Code   122  waveplayer.o(i.WavePlayerStart)
    WavePlayer_CallBack                      0x08005fc1   Thumb Code    76  waveplayer.o(i.WavePlayer_CallBack)
    WaveRecorderInit                         0x08006199   Thumb Code   256  waverecorder.o(i.WaveRecorderInit)
    WaveRecorderStart                        0x080062b9   Thumb Code    40  waverecorder.o(i.WaveRecorderStart)
    WaveRecorderStop                         0x080062e9   Thumb Code    24  waverecorder.o(i.WaveRecorderStop)
    WaveRecorderUpdate                       0x08006309   Thumb Code   478  waverecorder.o(i.WaveRecorderUpdate)
    __scatterload_copy                       0x08006515   Thumb Code    14  handlers.o(i.__scatterload_copy)
    __scatterload_null                       0x08006523   Thumb Code     2  handlers.o(i.__scatterload_null)
    __scatterload_zeroinit                   0x08006525   Thumb Code    14  handlers.o(i.__scatterload_zeroinit)
    chk_mounted                              0x08006591   Thumb Code   472  ff.o(i.chk_mounted)
    clust2sect                               0x08006775   Thumb Code    24  ff.o(i.clust2sect)
    disk_initialize                          0x08006b81   Thumb Code    24  usbh_msc_fatfs.o(i.disk_initialize)
    disk_ioctl                               0x08006ba1   Thumb Code    56  usbh_msc_fatfs.o(i.disk_ioctl)
    disk_read                                0x08006be1   Thumb Code    86  usbh_msc_fatfs.o(i.disk_read)
    disk_status                              0x08006c45   Thumb Code    12  usbh_msc_fatfs.o(i.disk_status)
    disk_write                               0x08006c55   Thumb Code    96  usbh_msc_fatfs.o(i.disk_write)
    f_close                                  0x08006cc1   Thumb Code    18  ff.o(i.f_close)
    f_lseek                                  0x08006cd3   Thumb Code   344  ff.o(i.f_lseek)
    f_mount                                  0x08006e2d   Thumb Code    26  ff.o(i.f_mount)
    f_open                                   0x08006e4d   Thumb Code   330  ff.o(i.f_open)
    f_opendir                                0x08006f97   Thumb Code    78  ff.o(i.f_opendir)
    f_read                                   0x08006fe5   Thumb Code   370  ff.o(i.f_read)
    f_sync                                   0x08007157   Thumb Code   164  ff.o(i.f_sync)
    f_unlink                                 0x080071fb   Thumb Code   144  ff.o(i.f_unlink)
    f_write                                  0x0800728b   Thumb Code   430  ff.o(i.f_write)
    get_fat                                  0x080074f5   Thumb Code   206  ff.o(i.get_fat)
    get_fattime                              0x080075c3   Thumb Code     4  fattime.o(i.get_fattime)
    main                                     0x080075c9   Thumb Code   134  main.o(i.main)
    put_fat                                  0x080076f3   Thumb Code   306  ff.o(i.put_fat)
    BUTTON_PORT_SOURCE                       0x08007960   Data           1  stm32f4_discovery.o(.constdata)
    BUTTON_PIN_SOURCE                        0x08007961   Data           1  stm32f4_discovery.o(.constdata)
    BUTTON_IRQn                              0x08007962   Data           1  stm32f4_discovery.o(.constdata)
    BUTTON_PIN                               0x08007964   Data           2  stm32f4_discovery.o(.constdata)
    BUTTON_EXTI_LINE                         0x08007966   Data           2  stm32f4_discovery.o(.constdata)
    BUTTON_CLK                               0x08007968   Data           4  stm32f4_discovery.o(.constdata)
    GPIO_PIN                                 0x0800796c   Data           8  stm32f4_discovery.o(.constdata)
    GPIO_CLK                                 0x08007974   Data          16  stm32f4_discovery.o(.constdata)
    Region$$Table$$Base                      0x08007a48   Number         0  anon$$obj.o(Region$$Table)
    Region$$Table$$Limit                     0x08007a68   Number         0  anon$$obj.o(Region$$Table)
    RepeatState                              0x20000000   Data           1  main.o(.data)
    CCR_Val                                  0x20000002   Data           2  main.o(.data)
    change_file                              0x20000004   Data           1  main.o(.data)
    PauseResumeStatus                        0x20000006   Data           1  stm32f4xx_it.o(.data)
    Count                                    0x20000007   Data           1  stm32f4xx_it.o(.data)
    LED_Toggle                               0x20000008   Data           1  stm32f4xx_it.o(.data)
    capture                                  0x2000000a   Data           2  stm32f4xx_it.o(.data)
    Time_Rec_Base                            0x2000000c   Data           2  stm32f4xx_it.o(.data)
    SystemCoreClock                          0x2000001c   Data           4  system_stm32f4xx.o(.data)
    AHBPrescTable                            0x20000020   Data          16  system_stm32f4xx.o(.data)
    BSP_delay                                0x20000030   Data           4  usb_bsp.o(.data)
    Command_index                            0x20000034   Data           1  usbh_usr.o(.data)
    USR_Callbacks                            0x20000038   Data          72  usbh_usr.o(.data)
    WaveFileStatus                           0x20000080   Data           1  waveplayer.o(.data)
    buffer_switch                            0x20000081   Data           1  waveplayer.o(.data)
    volume                                   0x20000082   Data           1  waveplayer.o(.data)
    AudioPlayStart                           0x20000083   Data           1  waveplayer.o(.data)
    XferCplt                                 0x2000008c   Data           4  waveplayer.o(.data)
    WaveDataLength                           0x20000090   Data           4  waveplayer.o(.data)
    BytesRead                                0x20000094   Data           4  waveplayer.o(.data)
    WaveCounter                              0x20000098   Data           4  waveplayer.o(.data)
    Buffer                                   0x200000ab   Data           6  waveplayer.o(.data)
    WaveRecStatus                            0x200000b4   Data           1  waverecorder.o(.data)
    Switch                                   0x200000b5   Data           1  waverecorder.o(.data)
    buf_idx                                  0x200000b6   Data           2  waverecorder.o(.data)
    buf_idx1                                 0x200000b8   Data           2  waverecorder.o(.data)
    counter                                  0x200000ba   Data           2  waverecorder.o(.data)
    bytesWritten                             0x200000bc   Data           2  waverecorder.o(.data)
    AudioRecBitRes                           0x200000c4   Data           4  waverecorder.o(.data)
    Data_Status                              0x200000c8   Data           4  waverecorder.o(.data)
    AudioRecChnlNbr                          0x200000cc   Data           4  waverecorder.o(.data)
    AudioRecCurrSize                         0x200000d0   Data           4  waverecorder.o(.data)
    writebuffer                              0x200000d8   Data           4  waverecorder.o(.data)
    pAudioRecBuf                             0x200000dc   Data           4  waverecorder.o(.data)
    BUTTON_PORT                              0x200000ec   Data           4  stm32f4_discovery.o(.data)
    GPIO_PORT                                0x200000f0   Data          16  stm32f4_discovery.o(.data)
    LIS302DLTimeout                          0x20000100   Data           4  stm32f4_discovery_lis302dl.o(.data)
    OutputDev                                0x20000104   Data           1  stm32f4_discovery_audio_codec.o(.data)
    AudioTotalSize                           0x20000108   Data           4  stm32f4_discovery_audio_codec.o(.data)
    AudioRemSize                             0x2000010c   Data           4  stm32f4_discovery_audio_codec.o(.data)
    CODECTimeout                             0x20000110   Data           4  stm32f4_discovery_audio_codec.o(.data)
    CurrAudioInterface                       0x20000114   Data           4  stm32f4_discovery_audio_codec.o(.data)
    AUDIO_MAL_DMA_CLOCK                      0x20000118   Data           4  stm32f4_discovery_audio_codec.o(.data)
    AUDIO_MAL_DMA_STREAM                     0x2000011c   Data           4  stm32f4_discovery_audio_codec.o(.data)
    AUDIO_MAL_DMA_DREG                       0x20000120   Data           4  stm32f4_discovery_audio_codec.o(.data)
    AUDIO_MAL_DMA_CHANNEL                    0x20000124   Data           4  stm32f4_discovery_audio_codec.o(.data)
    AUDIO_MAL_DMA_IRQ                        0x20000128   Data           4  stm32f4_discovery_audio_codec.o(.data)
    AUDIO_MAL_DMA_FLAG_TC                    0x2000012c   Data           4  stm32f4_discovery_audio_codec.o(.data)
    AUDIO_MAL_DMA_FLAG_HT                    0x20000130   Data           4  stm32f4_discovery_audio_codec.o(.data)
    AUDIO_MAL_DMA_FLAG_FE                    0x20000134   Data           4  stm32f4_discovery_audio_codec.o(.data)
    AUDIO_MAL_DMA_FLAG_TE                    0x20000138   Data           4  stm32f4_discovery_audio_codec.o(.data)
    AUDIO_MAL_DMA_FLAG_DME                   0x2000013c   Data           4  stm32f4_discovery_audio_codec.o(.data)
    CurrentPos                               0x20000140   Data           4  stm32f4_discovery_audio_codec.o(.data)
    MSCErrorCount                            0x20000168   Data           1  usbh_msc_core.o(.data)
    USBH_MSC_cb                              0x2000016c   Data          16  usbh_msc_core.o(.data)
    USBH_DeviceConnStatus_cb                 0x20000184   Data          12  usbh_core.o(.data)
    stm32_crc                                0x20000198   Data           4  pdm_filter.o(.data)
    T0                                       0x2000019c   Data         256  pdm_filter.o(.data)
    T1                                       0x2000029c   Data         256  pdm_filter.o(.data)
    T2                                       0x2000039c   Data         256  pdm_filter.o(.data)
    USB_OTG_Core                             0x2000049c   Data        1200  main.o(.bss)
    USB_Host                                 0x2000094c   Data         132  main.o(.bss)
    RCC_Clocks                               0x200009d0   Data          16  main.o(.bss)
    fatfs                                    0x200009e0   Data        1072  usbh_usr.o(.bss)
    file                                     0x20000e10   Data        1060  usbh_usr.o(.bss)
    fileR                                    0x20001234   Data        1060  usbh_usr.o(.bss)
    dir                                      0x20001658   Data          28  usbh_usr.o(.bss)
    buffer1                                  0x20001674   Data        2048  waveplayer.o(.bss)
    buffer2                                  0x20001e74   Data        2048  waveplayer.o(.bss)
    WAVE_Format                              0x20002674   Data          24  waveplayer.o(.bss)
    RAM_Buf                                  0x2000268c   Data        3000  waverecorder.o(.bss)
    RAM_Buf1                                 0x20003244   Data        3000  waverecorder.o(.bss)
    Filter                                   0x20003dfc   Data          52  waverecorder.o(.bss)
    RecBuf                                   0x20003e30   Data          32  waverecorder.o(.bss)
    RecBuf1                                  0x20003e50   Data          32  waverecorder.o(.bss)
    RecBufHeader                             0x20003e70   Data         512  waverecorder.o(.bss)
    DMA_InitStructure                        0x200040f0   Data          60  stm32f4_discovery_audio_codec.o(.bss)
    USBH_MSC_Param                           0x2000412c   Data          16  usbh_msc_scsi.o(.bss)
    USBH_DataInBuffer                        0x2000413c   Data         512  usbh_msc_scsi.o(.bss)
    USBH_MSC_CBWData                         0x2000433c   Data          32  usbh_msc_bot.o(.bss)
    USBH_MSC_CSWData                         0x2000435c   Data          16  usbh_msc_bot.o(.bss)
    USBH_MSC_BOTXferParam                    0x2000436c   Data          16  usbh_msc_bot.o(.bss)
    MSC_Machine                              0x2000437c   Data          74  usbh_msc_core.o(.bss)
    __initial_sp                             0x200047c8   Data           0  startup_stm32f4xx.o(STACK)



==============================================================================

Memory Map of the image

  Image Entry point : 0x08000189

  Load Region LR_IROM1 (Base: 0x08000000, Size: 0x00007f04, Max: 0x00100000, ABSOLUTE, COMPRESSED[0x00007d34])

    Execution Region ER_IROM1 (Base: 0x08000000, Size: 0x00007a68, Max: 0x00100000, ABSOLUTE)

    Base Addr    Size         Type   Attr      Idx    E Section Name        Object

    0x08000000   0x00000188   Data   RO         3152    RESET               startup_stm32f4xx.o
    0x08000188   0x00000000   Code   RO         4156  * .ARM.Collect$$$$00000000  mc_w.l(entry.o)
    0x08000188   0x00000004   Code   RO         4173    .ARM.Collect$$$$00000001  mc_w.l(entry2.o)
    0x0800018c   0x00000004   Code   RO         4176    .ARM.Collect$$$$00000004  mc_w.l(entry5.o)
    0x08000190   0x00000000   Code   RO         4178    .ARM.Collect$$$$00000008  mc_w.l(entry7b.o)
    0x08000190   0x00000000   Code   RO         4180    .ARM.Collect$$$$0000000A  mc_w.l(entry8b.o)
    0x08000190   0x00000008   Code   RO         4181    .ARM.Collect$$$$0000000B  mc_w.l(entry9a.o)
    0x08000198   0x00000000   Code   RO         4183    .ARM.Collect$$$$0000000D  mc_w.l(entry10a.o)
    0x08000198   0x00000000   Code   RO         4185    .ARM.Collect$$$$0000000F  mc_w.l(entry11a.o)
    0x08000198   0x00000004   Code   RO         4174    .ARM.Collect$$$$00002712  mc_w.l(entry2.o)
    0x0800019c   0x00000024   Code   RO         3153    .text               startup_stm32f4xx.o
    0x080001c0   0x00000bfc   Code   RO         4153    .text               libPDMFilter_Keil.lib(pdm_filter.o)
    0x08000dbc   0x00000018   Code   RO         4159    .text               mf_w.l(fscalb.o)
    0x08000dd4   0x0000014e   Code   RO         4161    .text               mf_w.l(dadd.o)
    0x08000f22   0x000000e4   Code   RO         4163    .text               mf_w.l(dmul.o)
    0x08001006   0x000000de   Code   RO         4165    .text               mf_w.l(ddiv.o)
    0x080010e4   0x0000001a   Code   RO         4167    .text               mf_w.l(dfltui.o)
    0x080010fe   0x00000032   Code   RO         4169    .text               mf_w.l(dfixui.o)
    0x08001130   0x00000026   Code   RO         4171    .text               mf_w.l(f2d.o)
    0x08001156   0x0000001e   Code   RO         4187    .text               mc_w.l(llshl.o)
    0x08001174   0x00000020   Code   RO         4189    .text               mc_w.l(llushr.o)
    0x08001194   0x00000024   Code   RO         4191    .text               mc_w.l(llsshr.o)
    0x080011b8   0x00000000   Code   RO         4193    .text               mc_w.l(iusefp.o)
    0x080011b8   0x000000be   Code   RO         4194    .text               mf_w.l(depilogue.o)
    0x08001276   0x00000002   PAD
    0x08001278   0x00000024   Code   RO         4196    .text               mc_w.l(init.o)
    0x0800129c   0x0000005c   Code   RO         4206    .text               mc_w.l(__dczerorl2.o)
    0x080012f8   0x0000009c   Code   RO          909    i.Audio_MAL_IRQHandler  stm32f4_discovery_audio_codec.o
    0x08001394   0x000000cc   Code   RO          910    i.Audio_MAL_Init    stm32f4_discovery_audio_codec.o
    0x08001460   0x00000050   Code   RO          911    i.Audio_MAL_Play    stm32f4_discovery_audio_codec.o
    0x080014b0   0x00000024   Code   RO          384    i.BSP_Delay         usb_bsp.o
    0x080014d4   0x0000006a   Code   RO          386    i.BSP_SetTime       usb_bsp.o
    0x0800153e   0x00000002   Code   RO          249    i.BusFault_Handler  stm32f4xx_it.o
    0x08001540   0x00000028   Code   RO          456    i.COMMAND_AudioExecuteApplication  usbh_usr.o
    0x08001568   0x0000006c   Code   RO          912    i.Codec_AudioInterface_Init  stm32f4_discovery_audio_codec.o
    0x080015d4   0x0000011c   Code   RO          914    i.Codec_GPIO_Init   stm32f4_discovery_audio_codec.o
    0x080016f0   0x00000128   Code   RO          915    i.Codec_Init        stm32f4_discovery_audio_codec.o
    0x08001818   0x00000018   Code   RO          916    i.Codec_Mute        stm32f4_discovery_audio_codec.o
    0x08001830   0x00000170   Code   RO          917    i.Codec_ReadRegister  stm32f4_discovery_audio_codec.o
    0x080019a0   0x00000028   Code   RO          918    i.Codec_Reset       stm32f4_discovery_audio_codec.o
    0x080019c8   0x00000004   Code   RO          598    i.Codec_TIMEOUT_UserCallback  waveplayer.o
    0x080019cc   0x00000026   Code   RO          919    i.Codec_VolumeCtrl  stm32f4_discovery_audio_codec.o
    0x080019f2   0x00000002   PAD
    0x080019f4   0x00000100   Code   RO          920    i.Codec_WriteRegister  stm32f4_discovery_audio_codec.o
    0x08001af4   0x00000018   Code   RO         1388    i.DAC_Cmd           stm32f4xx_dac.o
    0x08001b0c   0x00000050   Code   RO          921    i.DAC_Config        stm32f4_discovery_audio_codec.o
    0x08001b5c   0x00000028   Code   RO         1396    i.DAC_Init          stm32f4xx_dac.o
    0x08001b84   0x00000014   Code   RO         1397    i.DAC_SetChannel1Data  stm32f4xx_dac.o
    0x08001b98   0x00000004   Code   RO          922    i.DMA1_Stream0_IRQHandler  stm32f4_discovery_audio_codec.o
    0x08001b9c   0x00000004   Code   RO          923    i.DMA1_Stream7_IRQHandler  stm32f4_discovery_audio_codec.o
    0x08001ba0   0x0000002c   Code   RO         1498    i.DMA_ClearFlag     stm32f4xx_dma.o
    0x08001bcc   0x00000014   Code   RO         1500    i.DMA_Cmd           stm32f4xx_dma.o
    0x08001be0   0x00000124   Code   RO         1501    i.DMA_DeInit        stm32f4xx_dma.o
    0x08001d04   0x0000000e   Code   RO         1505    i.DMA_GetCmdStatus  stm32f4xx_dma.o
    0x08001d12   0x00000002   PAD
    0x08001d14   0x00000034   Code   RO         1509    i.DMA_GetFlagStatus  stm32f4xx_dma.o
    0x08001d48   0x00000034   Code   RO         1511    i.DMA_ITConfig      stm32f4xx_dma.o
    0x08001d7c   0x00000054   Code   RO         1512    i.DMA_Init          stm32f4xx_dma.o
    0x08001dd0   0x00000002   Code   RO          250    i.DebugMon_Handler  stm32f4xx_it.o
    0x08001dd2   0x00000002   PAD
    0x08001dd4   0x00000014   Code   RO          599    i.Delay             waveplayer.o
    0x08001de8   0x00000010   Code   RO          924    i.Delay             stm32f4_discovery_audio_codec.o
    0x08001df8   0x00000004   Code   RO          601    i.EVAL_AUDIO_GetSampleCallBack  waveplayer.o
    0x08001dfc   0x00000028   Code   RO          926    i.EVAL_AUDIO_Init   stm32f4_discovery_audio_codec.o
    0x08001e24   0x00000084   Code   RO          928    i.EVAL_AUDIO_PauseResume  stm32f4_discovery_audio_codec.o
    0x08001ea8   0x0000008c   Code   RO          930    i.EVAL_AUDIO_SetAudioInterface  stm32f4_discovery_audio_codec.o
    0x08001f34   0x00000078   Code   RO          931    i.EVAL_AUDIO_Stop   stm32f4_discovery_audio_codec.o
    0x08001fac   0x00000024   Code   RO          603    i.EVAL_AUDIO_TransferComplete_CallBack  waveplayer.o
    0x08001fd0   0x0000008c   Code   RO          251    i.EXTI0_IRQHandler  stm32f4xx_it.o
    0x0800205c   0x00000034   Code   RO          252    i.EXTI1_IRQHandler  stm32f4xx_it.o
    0x08002090   0x00000074   Code   RO          604    i.EXTILine_Config   waveplayer.o
    0x08002104   0x0000000c   Code   RO         1623    i.EXTI_ClearITPendingBit  stm32f4xx_exti.o
    0x08002110   0x00000020   Code   RO         1627    i.EXTI_GetITStatus  stm32f4xx_exti.o
    0x08002130   0x00000070   Code   RO         1628    i.EXTI_Init         stm32f4xx_exti.o
    0x080021a0   0x000000a2   Code   RO         1871    i.GPIO_Init         stm32f4xx_gpio.o
    0x08002242   0x00000020   Code   RO         1872    i.GPIO_PinAFConfig  stm32f4xx_gpio.o
    0x08002262   0x00000004   Code   RO         1878    i.GPIO_ResetBits    stm32f4xx_gpio.o
    0x08002266   0x00000004   Code   RO         1879    i.GPIO_SetBits      stm32f4xx_gpio.o
    0x0800226a   0x0000000a   Code   RO         1883    i.GPIO_WriteBit     stm32f4xx_gpio.o
    0x08002274   0x00000008   Code   RO         3398    i.HCD_GetCurrentFrame  usb_hcd.o
    0x0800227c   0x0000000c   Code   RO         3399    i.HCD_GetCurrentSpeed  usb_hcd.o
    0x08002288   0x00000008   Code   RO         3401    i.HCD_GetURB_State  usb_hcd.o
    0x08002290   0x0000000a   Code   RO         3402    i.HCD_GetXferCnt    usb_hcd.o
    0x0800229a   0x00000056   Code   RO         3404    i.HCD_Init          usb_hcd.o
    0x080022f0   0x00000006   Code   RO         3405    i.HCD_IsDeviceConnected  usb_hcd.o
    0x080022f6   0x0000000a   Code   RO         3406    i.HCD_ResetPort     usb_hcd.o
    0x08002300   0x00000014   Code   RO         3407    i.HCD_SubmitRequest  usb_hcd.o
    0x08002314   0x00000002   Code   RO          253    i.HardFault_Handler  stm32f4xx_it.o
    0x08002316   0x00000014   Code   RO         1965    i.I2C_AcknowledgeConfig  stm32f4xx_i2c.o
    0x0800232a   0x00000018   Code   RO         1967    i.I2C_CheckEvent    stm32f4xx_i2c.o
    0x08002342   0x00000006   Code   RO         1968    i.I2C_ClearFlag     stm32f4xx_i2c.o
    0x08002348   0x00000014   Code   RO         1970    i.I2C_Cmd           stm32f4xx_i2c.o
    0x0800235c   0x00000044   Code   RO         1973    i.I2C_DeInit        stm32f4xx_i2c.o
    0x080023a0   0x00000014   Code   RO         1977    i.I2C_GenerateSTART  stm32f4xx_i2c.o
    0x080023b4   0x00000014   Code   RO         1978    i.I2C_GenerateSTOP  stm32f4xx_i2c.o
    0x080023c8   0x0000002a   Code   RO         1979    i.I2C_GetFlagStatus  stm32f4xx_i2c.o
    0x080023f2   0x00000002   PAD
    0x080023f4   0x000000b4   Code   RO         1984    i.I2C_Init          stm32f4xx_i2c.o
    0x080024a8   0x00000006   Code   RO         1989    i.I2C_ReceiveData   stm32f4xx_i2c.o
    0x080024ae   0x00000010   Code   RO         1991    i.I2C_Send7bitAddress  stm32f4xx_i2c.o
    0x080024be   0x00000004   Code   RO         1992    i.I2C_SendData      stm32f4xx_i2c.o
    0x080024c2   0x00000014   Code   RO         2448    i.I2S_Cmd           stm32f4xx_spi.o
    0x080024d6   0x00000002   PAD
    0x080024d8   0x000000c8   Code   RO         2450    i.I2S_Init          stm32f4xx_spi.o
    0x080025a0   0x00000030   Code   RO          829    i.LIS302DL_Init     stm32f4_discovery_lis302dl.o
    0x080025d0   0x0000002e   Code   RO          830    i.LIS302DL_InterruptConfig  stm32f4_discovery_lis302dl.o
    0x080025fe   0x00000002   PAD
    0x08002600   0x00000120   Code   RO          831    i.LIS302DL_LowLevel_Init  stm32f4_discovery_lis302dl.o
    0x08002720   0x0000004c   Code   RO          833    i.LIS302DL_Read     stm32f4_discovery_lis302dl.o
    0x0800276c   0x00000064   Code   RO          836    i.LIS302DL_SendByte  stm32f4_discovery_lis302dl.o
    0x080027d0   0x00000002   Code   RO          605    i.LIS302DL_TIMEOUT_UserCallback  waveplayer.o
    0x080027d2   0x00000002   PAD
    0x080027d4   0x00000044   Code   RO          837    i.LIS302DL_Write    stm32f4_discovery_lis302dl.o
    0x08002818   0x00000002   Code   RO          254    i.MemManage_Handler  stm32f4xx_it.o
    0x0800281a   0x000000bc   Code   RO          606    i.Mems_Config       waveplayer.o
    0x080028d6   0x00000002   Code   RO          255    i.NMI_Handler       stm32f4xx_it.o
    0x080028d8   0x00000064   Code   RO         1108    i.NVIC_Init         misc.o
    0x0800293c   0x00000014   Code   RO         1109    i.NVIC_PriorityGroupConfig  misc.o
    0x08002950   0x00000014   Code   RO         1110    i.NVIC_SetVectorTable  misc.o
    0x08002964   0x0000000c   Code   RO          256    i.OTG_FS_IRQHandler  stm32f4xx_it.o
    0x08002970   0x00000002   Code   RO          257    i.PendSV_Handler    stm32f4xx_it.o
    0x08002972   0x00000002   PAD
    0x08002974   0x00000018   Code   RO         2172    i.RCC_AHB1PeriphClockCmd  stm32f4xx_rcc.o
    0x0800298c   0x00000018   Code   RO         2175    i.RCC_AHB2PeriphClockCmd  stm32f4xx_rcc.o
    0x080029a4   0x00000018   Code   RO         2181    i.RCC_APB1PeriphClockCmd  stm32f4xx_rcc.o
    0x080029bc   0x00000018   Code   RO         2183    i.RCC_APB1PeriphResetCmd  stm32f4xx_rcc.o
    0x080029d4   0x00000018   Code   RO         2184    i.RCC_APB2PeriphClockCmd  stm32f4xx_rcc.o
    0x080029ec   0x00000018   Code   RO         2186    i.RCC_APB2PeriphResetCmd  stm32f4xx_rcc.o
    0x08002a04   0x00000090   Code   RO         2193    i.RCC_GetClocksFreq  stm32f4xx_rcc.o
    0x08002a94   0x00000022   Code   RO          607    i.ReadUnit          waveplayer.o
    0x08002ab6   0x00000002   PAD
    0x08002ab8   0x00000050   Code   RO          725    i.SPI2_IRQHandler   waverecorder.o
    0x08002b08   0x00000040   Code   RO          933    i.SPI3_IRQHandler   stm32f4_discovery_audio_codec.o
    0x08002b48   0x00000014   Code   RO         2454    i.SPI_Cmd           stm32f4xx_spi.o
    0x08002b5c   0x00000010   Code   RO         2460    i.SPI_I2S_DMACmd    stm32f4xx_spi.o
    0x08002b6c   0x00000054   Code   RO         2461    i.SPI_I2S_DeInit    stm32f4xx_spi.o
    0x08002bc0   0x0000000e   Code   RO         2462    i.SPI_I2S_GetFlagStatus  stm32f4xx_spi.o
    0x08002bce   0x0000002a   Code   RO         2463    i.SPI_I2S_GetITStatus  stm32f4xx_spi.o
    0x08002bf8   0x00000018   Code   RO         2464    i.SPI_I2S_ITConfig  stm32f4xx_spi.o
    0x08002c10   0x00000004   Code   RO         2465    i.SPI_I2S_ReceiveData  stm32f4xx_spi.o
    0x08002c14   0x00000004   Code   RO         2466    i.SPI_I2S_SendData  stm32f4xx_spi.o
    0x08002c18   0x00000038   Code   RO         2467    i.SPI_Init          stm32f4xx_spi.o
    0x08002c50   0x00000048   Code   RO          775    i.STM_EVAL_LEDInit  stm32f4_discovery.o
    0x08002c98   0x00000018   Code   RO          776    i.STM_EVAL_LEDOff   stm32f4_discovery.o
    0x08002cb0   0x00000018   Code   RO          777    i.STM_EVAL_LEDOn    stm32f4_discovery.o
    0x08002cc8   0x0000001c   Code   RO          778    i.STM_EVAL_LEDToggle  stm32f4_discovery.o
    0x08002ce4   0x00000098   Code   RO          780    i.STM_EVAL_PBInit   stm32f4_discovery.o
    0x08002d7c   0x00000002   Code   RO          258    i.SVC_Handler       stm32f4xx_it.o
    0x08002d7e   0x00000002   PAD
    0x08002d80   0x00000028   Code   RO         1065    i.SYSCFG_EXTILineConfig  stm32f4xx_syscfg.o
    0x08002da8   0x000000d8   Code   RO          351    i.SetSysClock       system_stm32f4xx.o
    0x08002e80   0x00000020   Code   RO          259    i.SysTick_Handler   stm32f4xx_it.o
    0x08002ea0   0x00000050   Code   RO          353    i.SystemInit        system_stm32f4xx.o
    0x08002ef0   0x00000004   Code   RO          260    i.TIM2_IRQHandler   stm32f4xx_it.o
    0x08002ef4   0x000000d8   Code   RO          261    i.TIM4_IRQHandler   stm32f4xx_it.o
    0x08002fcc   0x00000014   Code   RO         2610    i.TIM_ARRPreloadConfig  stm32f4xx_tim.o
    0x08002fe0   0x00000006   Code   RO         2617    i.TIM_ClearITPendingBit  stm32f4xx_tim.o
    0x08002fe6   0x00000014   Code   RO         2622    i.TIM_Cmd           stm32f4xx_tim.o
    0x08002ffa   0x00000004   Code   RO         2637    i.TIM_GetCapture1   stm32f4xx_tim.o
    0x08002ffe   0x00000018   Code   RO         2643    i.TIM_GetITStatus   stm32f4xx_tim.o
    0x08003016   0x00000010   Code   RO         2647    i.TIM_ITConfig      stm32f4xx_tim.o
    0x08003026   0x00000002   PAD
    0x08003028   0x000000bc   Code   RO          122    i.TIM_LED_Config    main.o
    0x080030e4   0x00000060   Code   RO         2651    i.TIM_OC1Init       stm32f4xx_tim.o
    0x08003144   0x0000000c   Code   RO         2654    i.TIM_OC1PreloadConfig  stm32f4xx_tim.o
    0x08003150   0x00000004   Code   RO         2684    i.TIM_SetCompare1   stm32f4xx_tim.o
    0x08003154   0x0000007c   Code   RO         2694    i.TIM_TimeBaseInit  stm32f4xx_tim.o
    0x080031d0   0x00000014   Code   RO          608    i.TimingDelay_Decrement  waveplayer.o
    0x080031e4   0x00000034   Code   RO         3786    i.USBH_Alloc_Channel  usbh_hcs.o
    0x08003218   0x00000026   Code   RO         3826    i.USBH_BulkReceiveData  usbh_ioreq.o
    0x0800323e   0x00000028   Code   RO         3827    i.USBH_BulkSendData  usbh_ioreq.o
    0x08003266   0x0000002e   Code   RO         3664    i.USBH_ClrFeature   usbh_stdreq.o
    0x08003294   0x00000012   Code   RO         3726    i.USBH_Connect      usbh_core.o
    0x080032a6   0x00000022   Code   RO         3828    i.USBH_CtlReceiveData  usbh_ioreq.o
    0x080032c8   0x00000050   Code   RO         3829    i.USBH_CtlReq       usbh_ioreq.o
    0x08003318   0x00000036   Code   RO         3830    i.USBH_CtlSendData  usbh_ioreq.o
    0x0800334e   0x00000024   Code   RO         3831    i.USBH_CtlSendSetup  usbh_ioreq.o
    0x08003372   0x00000018   Code   RO         3787    i.USBH_DeAllocate_AllChannel  usbh_hcs.o
    0x0800338a   0x00000034   Code   RO         3727    i.USBH_DeInit       usbh_core.o
    0x080033be   0x00000012   Code   RO         3728    i.USBH_Disconnect   usbh_core.o
    0x080033d0   0x0000002c   Code   RO         3729    i.USBH_ErrorHandle  usbh_core.o
    0x080033fc   0x0000001a   Code   RO         3788    i.USBH_Free_Channel  usbh_hcs.o
    0x08003416   0x00000030   Code   RO         3665    i.USBH_GetDescriptor  usbh_stdreq.o
    0x08003446   0x0000000e   Code   RO         3666    i.USBH_GetNextDesc  usbh_stdreq.o
    0x08003454   0x0000003a   Code   RO         3667    i.USBH_Get_CfgDesc  usbh_stdreq.o
    0x0800348e   0x00000084   Code   RO         3668    i.USBH_Get_DevDesc  usbh_stdreq.o
    0x08003512   0x00000048   Code   RO         3669    i.USBH_Get_StringDesc  usbh_stdreq.o
    0x0800355a   0x00000002   PAD
    0x0800355c   0x000001d0   Code   RO         3730    i.USBH_HandleControl  usbh_core.o
    0x0800372c   0x00000194   Code   RO         3731    i.USBH_HandleEnum   usbh_core.o
    0x080038c0   0x00000054   Code   RO         3732    i.USBH_Init         usbh_core.o
    0x08003914   0x00000038   Code   RO         3532    i.USBH_MSC_BOT_Abort  usbh_msc_bot.o
    0x0800394c   0x0000000c   Code   RO         3573    i.USBH_MSC_ClassRequest  usbh_msc_core.o
    0x08003958   0x0000005c   Code   RO         3533    i.USBH_MSC_DecodeCSW  usbh_msc_bot.o
    0x080039b4   0x00000034   Code   RO         3574    i.USBH_MSC_ErrorHandle  usbh_msc_core.o
    0x080039e8   0x00000164   Code   RO         3575    i.USBH_MSC_Handle   usbh_msc_core.o
    0x08003b4c   0x00000204   Code   RO         3534    i.USBH_MSC_HandleBOTXfer  usbh_msc_bot.o
    0x08003d50   0x0000003c   Code   RO         3535    i.USBH_MSC_Init     usbh_msc_bot.o
    0x08003d8c   0x00000038   Code   RO         3576    i.USBH_MSC_InterfaceDeInit  usbh_msc_core.o
    0x08003dc4   0x000000a0   Code   RO         3577    i.USBH_MSC_InterfaceInit  usbh_msc_core.o
    0x08003e64   0x0000009c   Code   RO         3468    i.USBH_MSC_ModeSense6  usbh_msc_scsi.o
    0x08003f00   0x000000d8   Code   RO         3469    i.USBH_MSC_Read10   usbh_msc_scsi.o
    0x08003fd8   0x000000a0   Code   RO         3470    i.USBH_MSC_ReadCapacity10  usbh_msc_scsi.o
    0x08004078   0x000000a0   Code   RO         3471    i.USBH_MSC_RequestSense  usbh_msc_scsi.o
    0x08004118   0x00000080   Code   RO         3472    i.USBH_MSC_TestUnitReady  usbh_msc_scsi.o
    0x08004198   0x0000009c   Code   RO         3473    i.USBH_MSC_Write10  usbh_msc_scsi.o
    0x08004234   0x00000032   Code   RO         3789    i.USBH_Modify_Channel  usbh_hcs.o
    0x08004266   0x000000a8   Code   RO         3332    i.USBH_OTG_ISR_Handler  usb_hcd_int.o
    0x0800430e   0x00000050   Code   RO         3790    i.USBH_Open_Channel  usbh_hcs.o
    0x0800435e   0x000000ea   Code   RO         3670    i.USBH_ParseCfgDesc  usbh_stdreq.o
    0x08004448   0x000001aa   Code   RO         3733    i.USBH_Process      usbh_core.o
    0x080045f2   0x00000018   Code   RO         3671    i.USBH_SetAddress   usbh_stdreq.o
    0x0800460a   0x00000018   Code   RO         3672    i.USBH_SetCfg       usbh_stdreq.o
    0x08004622   0x00000002   Code   RO          457    i.USBH_USR_Configuration_DescAvailable  usbh_usr.o
    0x08004624   0x0000000c   Code   RO          458    i.USBH_USR_DeInit   usbh_usr.o
    0x08004630   0x00000002   Code   RO          459    i.USBH_USR_DeviceAddressAssigned  usbh_usr.o
    0x08004632   0x00000002   PAD
    0x08004634   0x00000034   Code   RO          460    i.USBH_USR_DeviceAttached  usbh_usr.o
    0x08004668   0x0000005c   Code   RO          461    i.USBH_USR_DeviceDisconnected  usbh_usr.o
    0x080046c4   0x00000002   Code   RO          462    i.USBH_USR_DeviceNotSupported  usbh_usr.o
    0x080046c6   0x00000002   Code   RO          463    i.USBH_USR_DeviceSpeedDetected  usbh_usr.o
    0x080046c8   0x00000002   Code   RO          464    i.USBH_USR_Device_DescAvailable  usbh_usr.o
    0x080046ca   0x00000012   Code   RO          465    i.USBH_USR_EnumerationDone  usbh_usr.o
    0x080046dc   0x00000002   Code   RO          466    i.USBH_USR_Init     usbh_usr.o
    0x080046de   0x00000002   PAD
    0x080046e0   0x0000004c   Code   RO          467    i.USBH_USR_MSC_Application  usbh_usr.o
    0x0800472c   0x00000002   Code   RO          468    i.USBH_USR_Manufacturer_String  usbh_usr.o
    0x0800472e   0x00000002   Code   RO          469    i.USBH_USR_OverCurrentDetected  usbh_usr.o
    0x08004730   0x00000002   Code   RO          470    i.USBH_USR_Product_String  usbh_usr.o
    0x08004732   0x00000002   Code   RO          471    i.USBH_USR_ResetDevice  usbh_usr.o
    0x08004734   0x00000002   Code   RO          472    i.USBH_USR_SerialNum_String  usbh_usr.o
    0x08004736   0x00000002   Code   RO          473    i.USBH_USR_UnrecoveredError  usbh_usr.o
    0x08004738   0x00000004   Code   RO          474    i.USBH_USR_UserInput  usbh_usr.o
    0x0800473c   0x00000040   Code   RO          387    i.USB_OTG_BSP_ConfigVBUS  usb_bsp.o
    0x0800477c   0x00000018   Code   RO          388    i.USB_OTG_BSP_DriveVBUS  usb_bsp.o
    0x08004794   0x00000040   Code   RO          389    i.USB_OTG_BSP_EnableInterrupt  usb_bsp.o
    0x080047d4   0x000000b8   Code   RO          390    i.USB_OTG_BSP_Init  usb_bsp.o
    0x0800488c   0x00000038   Code   RO          391    i.USB_OTG_BSP_TimerIRQ  usb_bsp.o
    0x080048c4   0x00000006   Code   RO          392    i.USB_OTG_BSP_mDelay  usb_bsp.o
    0x080048ca   0x00000006   Code   RO          393    i.USB_OTG_BSP_uDelay  usb_bsp.o
    0x080048d0   0x000000da   Code   RO         3158    i.USB_OTG_CoreInit  usb_core.o
    0x080049aa   0x00000002   PAD
    0x080049ac   0x00000096   Code   RO         3159    i.USB_OTG_CoreInitHost  usb_core.o
    0x08004a42   0x00000002   PAD
    0x08004a44   0x00000058   Code   RO         3160    i.USB_OTG_CoreReset  usb_core.o
    0x08004a9c   0x00000010   Code   RO         3161    i.USB_OTG_DisableGlobalInt  usb_core.o
    0x08004aac   0x00000034   Code   RO         3162    i.USB_OTG_DriveVbus  usb_core.o
    0x08004ae0   0x00000010   Code   RO         3163    i.USB_OTG_EnableGlobalInt  usb_core.o
    0x08004af0   0x00000044   Code   RO         3164    i.USB_OTG_EnableHostInt  usb_core.o
    0x08004b34   0x00000038   Code   RO         3165    i.USB_OTG_FlushRxFifo  usb_core.o
    0x08004b6c   0x00000040   Code   RO         3166    i.USB_OTG_FlushTxFifo  usb_core.o
    0x08004bac   0x0000002a   Code   RO         3168    i.USB_OTG_HC_DoPing  usb_core.o
    0x08004bd6   0x0000003c   Code   RO         3169    i.USB_OTG_HC_Halt   usb_core.o
    0x08004c12   0x000000ec   Code   RO         3170    i.USB_OTG_HC_Init   usb_core.o
    0x08004cfe   0x00000102   Code   RO         3171    i.USB_OTG_HC_StartXfer  usb_core.o
    0x08004e00   0x0000000c   Code   RO         3172    i.USB_OTG_InitFSLSPClkSel  usb_core.o
    0x08004e0c   0x0000000c   Code   RO         3174    i.USB_OTG_IsEvenFrame  usb_core.o
    0x08004e18   0x0000000e   Code   RO         3175    i.USB_OTG_IsHostMode  usb_core.o
    0x08004e26   0x0000000a   Code   RO         3176    i.USB_OTG_ReadCoreItr  usb_core.o
    0x08004e30   0x0000000c   Code   RO         3177    i.USB_OTG_ReadHPRT0  usb_core.o
    0x08004e3c   0x00000006   Code   RO         3178    i.USB_OTG_ReadHostAllChannels_intr  usb_core.o
    0x08004e42   0x00000020   Code   RO         3180    i.USB_OTG_ReadPacket  usb_core.o
    0x08004e62   0x0000002a   Code   RO         3181    i.USB_OTG_ResetPort  usb_core.o
    0x08004e8c   0x000000c0   Code   RO         3182    i.USB_OTG_SelectCore  usb_core.o
    0x08004f4c   0x0000002a   Code   RO         3183    i.USB_OTG_SetCurrentMode  usb_core.o
    0x08004f76   0x0000002e   Code   RO         3333    i.USB_OTG_USBH_handle_Disconnect_ISR  usb_hcd_int.o
    0x08004fa4   0x00000046   Code   RO         3334    i.USB_OTG_USBH_handle_IncompletePeriodicXfer_ISR  usb_hcd_int.o
    0x08004fea   0x00000056   Code   RO         3335    i.USB_OTG_USBH_handle_hc_ISR  usb_hcd_int.o
    0x08005040   0x00000426   Code   RO         3336    i.USB_OTG_USBH_handle_hc_n_In_ISR  usb_hcd_int.o
    0x08005466   0x00000388   Code   RO         3337    i.USB_OTG_USBH_handle_hc_n_Out_ISR  usb_hcd_int.o
    0x080057ee   0x0000012c   Code   RO         3338    i.USB_OTG_USBH_handle_nptxfempty_ISR  usb_hcd_int.o
    0x0800591a   0x00000118   Code   RO         3339    i.USB_OTG_USBH_handle_port_ISR  usb_hcd_int.o
    0x08005a32   0x0000012e   Code   RO         3340    i.USB_OTG_USBH_handle_ptxfempty_ISR  usb_hcd_int.o
    0x08005b60   0x00000164   Code   RO         3341    i.USB_OTG_USBH_handle_rx_qlvl_ISR  usb_hcd_int.o
    0x08005cc4   0x0000001c   Code   RO         3342    i.USB_OTG_USBH_handle_sof_ISR  usb_hcd_int.o
    0x08005ce0   0x00000028   Code   RO         3185    i.USB_OTG_WritePacket  usb_core.o
    0x08005d08   0x00000002   Code   RO          262    i.UsageFault_Handler  stm32f4xx_it.o
    0x08005d0a   0x000000b6   Code   RO          726    i.WavaRecorderHeaderInit  waverecorder.o
    0x08005dc0   0x00000140   Code   RO          609    i.WavePlayBack      waveplayer.o
    0x08005f00   0x00000028   Code   RO          610    i.WavePlayerInit    waveplayer.o
    0x08005f28   0x00000098   Code   RO          612    i.WavePlayerStart   waveplayer.o
    0x08005fc0   0x00000064   Code   RO          614    i.WavePlayer_CallBack  waveplayer.o
    0x08006024   0x00000174   Code   RO          615    i.WavePlayer_WaveParsing  waveplayer.o
    0x08006198   0x00000120   Code   RO          727    i.WaveRecorderInit  waverecorder.o
    0x080062b8   0x00000030   Code   RO          728    i.WaveRecorderStart  waverecorder.o
    0x080062e8   0x00000020   Code   RO          729    i.WaveRecorderStop  waverecorder.o
    0x08006308   0x0000020c   Code   RO          730    i.WaveRecorderUpdate  waverecorder.o
    0x08006514   0x0000000e   Code   RO         4200    i.__scatterload_copy  mc_w.l(handlers.o)
    0x08006522   0x00000002   Code   RO         4201    i.__scatterload_null  mc_w.l(handlers.o)
    0x08006524   0x0000000e   Code   RO         4202    i.__scatterload_zeroinit  mc_w.l(handlers.o)
    0x08006532   0x00000002   PAD
    0x08006534   0x0000005c   Code   RO         3884    i.check_fs          ff.o
    0x08006590   0x000001e4   Code   RO         3885    i.chk_mounted       ff.o
    0x08006774   0x00000018   Code   RO         3886    i.clust2sect        ff.o
    0x0800678c   0x00000096   Code   RO         3887    i.create_chain      ff.o
    0x08006822   0x00000002   PAD
    0x08006824   0x000000e4   Code   RO         3888    i.create_name       ff.o
    0x08006908   0x00000106   Code   RO         3889    i.dir_next          ff.o
    0x08006a0e   0x00000044   Code   RO         3890    i.dir_read          ff.o
    0x08006a52   0x00000066   Code   RO         3891    i.dir_register      ff.o
    0x08006ab8   0x00000028   Code   RO         3892    i.dir_remove        ff.o
    0x08006ae0   0x000000a0   Code   RO         3893    i.dir_seek          ff.o
    0x08006b80   0x00000020   Code   RO         3618    i.disk_initialize   usbh_msc_fatfs.o
    0x08006ba0   0x00000040   Code   RO         3619    i.disk_ioctl        usbh_msc_fatfs.o
    0x08006be0   0x00000064   Code   RO         3620    i.disk_read         usbh_msc_fatfs.o
    0x08006c44   0x00000010   Code   RO         3621    i.disk_status       usbh_msc_fatfs.o
    0x08006c54   0x0000006c   Code   RO         3622    i.disk_write        usbh_msc_fatfs.o
    0x08006cc0   0x00000012   Code   RO         3895    i.f_close           ff.o
    0x08006cd2   0x00000158   Code   RO         3898    i.f_lseek           ff.o
    0x08006e2a   0x00000002   PAD
    0x08006e2c   0x00000020   Code   RO         3901    i.f_mount           ff.o
    0x08006e4c   0x0000014a   Code   RO         3902    i.f_open            ff.o
    0x08006f96   0x0000004e   Code   RO         3903    i.f_opendir         ff.o
    0x08006fe4   0x00000172   Code   RO         3907    i.f_read            ff.o
    0x08007156   0x000000a4   Code   RO         3911    i.f_sync            ff.o
    0x080071fa   0x00000090   Code   RO         3913    i.f_unlink          ff.o
    0x0800728a   0x000001ae   Code   RO         3915    i.f_write           ff.o
    0x08007438   0x000000bc   Code   RO         3916    i.follow_path       ff.o
    0x080074f4   0x000000ce   Code   RO         3917    i.get_fat           ff.o
    0x080075c2   0x00000004   Code   RO         4135    i.get_fattime       fattime.o
    0x080075c6   0x00000002   PAD
    0x080075c8   0x000000a0   Code   RO          123    i.main              main.o
    0x08007668   0x00000012   Code   RO         3919    i.mem_cpy           ff.o
    0x0800767a   0x0000000e   Code   RO         3920    i.mem_set           ff.o
    0x08007688   0x0000006a   Code   RO         3921    i.move_window       ff.o
    0x080076f2   0x00000132   Code   RO         3922    i.put_fat           ff.o
    0x08007824   0x00000062   Code   RO         3923    i.remove_chain      ff.o
    0x08007886   0x000000b8   Code   RO         3924    i.sync              ff.o
    0x0800793e   0x00000020   Code   RO         3925    i.validate          ff.o
    0x0800795e   0x00000002   PAD
    0x08007960   0x00000024   Data   RO          781    .constdata          stm32f4_discovery.o
    0x08007984   0x000000c2   Data   RO         3926    .constdata          ff.o
    0x08007a46   0x00000002   PAD
    0x08007a48   0x00000020   Data   RO         4198    Region$$Table       anon$$obj.o


    Execution Region RW_IRAM1 (Base: 0x20000000, Size: 0x000047c8, Max: 0x00020000, ABSOLUTE, COMPRESSED[0x000002cc])

    Base Addr    Size         Type   Attr      Idx    E Section Name        Object

    0x20000000   0x00000004   Data   RW          125    .data               main.o
    0x20000004   0x00000001   Data   RW          127    .data               main.o
    0x20000005   0x00000001   PAD
    0x20000006   0x00000013   Data   RW          263    .data               stm32f4xx_it.o
    0x20000019   0x00000003   PAD
    0x2000001c   0x00000014   Data   RW          354    .data               system_stm32f4xx.o
    0x20000030   0x00000004   Data   RW          394    .data               usb_bsp.o
    0x20000034   0x00000002   Data   RW          480    .data               usbh_usr.o
    0x20000036   0x00000002   PAD
    0x20000038   0x00000048   Data   RW          481    .data               usbh_usr.o
    0x20000080   0x0000002b   Data   RW          618    .data               waveplayer.o
    0x200000ab   0x00000006   Data   RW          619    .data               waveplayer.o
    0x200000b1   0x00000003   PAD
    0x200000b4   0x00000037   Data   RW          732    .data               waverecorder.o
    0x200000eb   0x00000001   PAD
    0x200000ec   0x00000014   Data   RW          782    .data               stm32f4_discovery.o
    0x20000100   0x00000004   Data   RW          838    .data               stm32f4_discovery_lis302dl.o
    0x20000104   0x00000040   Data   RW          936    .data               stm32f4_discovery_audio_codec.o
    0x20000144   0x00000010   Data   RW         2216    .data               stm32f4xx_rcc.o
    0x20000154   0x00000001   Data   RW         3476    .data               usbh_msc_scsi.o
    0x20000155   0x00000003   PAD
    0x20000158   0x00000010   Data   RW         3537    .data               usbh_msc_bot.o
    0x20000168   0x00000002   Data   RW         3579    .data               usbh_msc_core.o
    0x2000016a   0x00000002   PAD
    0x2000016c   0x00000010   Data   RW         3580    .data               usbh_msc_core.o
    0x2000017c   0x00000001   Data   RW         3623    .data               usbh_msc_fatfs.o
    0x2000017d   0x00000003   PAD
    0x20000180   0x00000010   Data   RW         3734    .data               usbh_core.o
    0x20000190   0x00000008   Data   RW         3927    .data               ff.o
    0x20000198   0x00000304   Data   RW         4154    .data               libPDMFilter_Keil.lib(pdm_filter.o)
    0x2000049c   0x00000544   Zero   RW          124    .bss                main.o
    0x200009e0   0x00000430   Zero   RW          475    .bss                usbh_usr.o
    0x20000e10   0x00000424   Zero   RW          476    .bss                usbh_usr.o
    0x20001234   0x00000424   Zero   RW          477    .bss                usbh_usr.o
    0x20001658   0x0000001c   Zero   RW          478    .bss                usbh_usr.o
    0x20001674   0x00001018   Zero   RW          617    .bss                waveplayer.o
    0x2000268c   0x00001a64   Zero   RW          731    .bss                waverecorder.o
    0x200040f0   0x0000003c   Zero   RW          934    .bss                stm32f4_discovery_audio_codec.o
    0x2000412c   0x00000210   Zero   RW         3474    .bss                usbh_msc_scsi.o
    0x2000433c   0x00000040   Zero   RW         3536    .bss                usbh_msc_bot.o
    0x2000437c   0x0000004a   Zero   RW         3578    .bss                usbh_msc_core.o
    0x200043c6   0x00000002   PAD
    0x200043c8   0x00000400   Zero   RW         3150    STACK               startup_stm32f4xx.o


==============================================================================

Image component sizes


      Code (inc. data)   RO Data    RW Data    ZI Data      Debug   Object Name

         0          0          0          0          0     288788   audio_sample.o
         4          0          0          0          0        498   fattime.o
      4672         40        194          8          0      23965   ff.o
       348         44          0          5       1348      58530   main.o
       140         26          0          0          0       2141   misc.o
        36          8        392          0       1024        880   startup_stm32f4xx.o
       300         42         36         20          0       4066   stm32f4_discovery.o
      2454        210          0         64         60      15900   stm32f4_discovery_audio_codec.o
       626         32          0          4          0       4774   stm32f4_discovery_lis302dl.o
        84         14          0          0          0       2479   stm32f4xx_dac.o
       558         48          0          0          0       5904   stm32f4xx_dma.o
       156         14          0          0          0       2272   stm32f4xx_exti.o
       212          0          0          0          0       3423   stm32f4xx_gpio.o
       426         20          0          0          0       7709   stm32f4xx_i2c.o
       472         66          0         19          0       8549   stm32f4xx_it.o
       288         48          0         16          0       6278   stm32f4xx_rcc.o
       484         22          0          0          0       7482   stm32f4xx_spi.o
        40          6          0          0          0        632   stm32f4xx_syscfg.o
       326         36          0          0          0       7573   stm32f4xx_tim.o
       296         44          0         20          0       1817   system_stm32f4xx.o
       546         24          0          4          0       5660   usb_bsp.o
      1738         22          0          0          0      16497   usb_core.o
       160          0          0          0          0       4835   usb_hcd.o
      3602          0          0          0          0      10359   usb_hcd_int.o
      1510         52          0         16          0       6745   usbh_core.o
       232          0          0          0          0       3740   usbh_hcs.o
       282          0          0          0          0       4542   usbh_ioreq.o
       724         66          0         16         64       6641   usbh_msc_bot.o
       636         50          0         18         74       5609   usbh_msc_core.o
       320         46          0          1          0       5166   usbh_msc_fatfs.o
       976         72          0          1        528      14884   usbh_msc_scsi.o
       652          0          0          0          0       7007   usbh_stdreq.o
       318         58          0         74       3220      14029   usbh_usr.o
      1408        160          0         49       4120       9631   waveplayer.o
      1154        110          0         55       6756       6281   waverecorder.o

    ----------------------------------------------------------------------
     26220       1380        656        408      17196     575286   Object Totals
         0          0         32          0          0          0   (incl. Generated)
        40          0          2         18          2          0   (incl. Padding)

    ----------------------------------------------------------------------

      Code (inc. data)   RO Data    RW Data    ZI Data      Debug   Library Member Name

      3068         54          0        772          0        268   pdm_filter.o
        92          0          0          0          0          0   __dczerorl2.o
         0          0          0          0          0          0   entry.o
         0          0          0          0          0          0   entry10a.o
         0          0          0          0          0          0   entry11a.o
         8          4          0          0          0          0   entry2.o
         4          0          0          0          0          0   entry5.o
         0          0          0          0          0          0   entry7b.o
         0          0          0          0          0          0   entry8b.o
         8          4          0          0          0          0   entry9a.o
        30          0          0          0          0          0   handlers.o
        36          8          0          0          0         68   init.o
         0          0          0          0          0          0   iusefp.o
        30          0          0          0          0         68   llshl.o
        36          0          0          0          0         68   llsshr.o
        32          0          0          0          0         68   llushr.o
       334          0          0          0          0        148   dadd.o
       222          0          0          0          0        100   ddiv.o
       190          0          0          0          0        176   depilogue.o
        50          0          0          0          0         76   dfixui.o
        26          0          0          0          0         76   dfltui.o
       228          0          0          0          0         96   dmul.o
        38          0          0          0          0         68   f2d.o
        24          0          0          0          0         68   fscalb.o

    ----------------------------------------------------------------------
      4460         70          0        772          0       1348   Library Totals
         4          0          0          0          0          0   (incl. Padding)

    ----------------------------------------------------------------------

      Code (inc. data)   RO Data    RW Data    ZI Data      Debug   Library Name

      3068         54          0        772          0        268   libPDMFilter_Keil.lib
       276         16          0          0          0        272   mc_w.l
      1112          0          0          0          0        808   mf_w.l

    ----------------------------------------------------------------------
      4460         70          0        772          0       1348   Library Totals

    ----------------------------------------------------------------------

==============================================================================


      Code (inc. data)   RO Data    RW Data    ZI Data      Debug   

     30680       1450        656       1180      17196     561762   Grand Totals
     30680       1450        656        716      17196     561762   ELF Image Totals (compressed)
     30680       1450        656        716          0          0   ROM Totals

==============================================================================

    Total RO  Size (Code + RO Data)                31336 (  30.60kB)
    Total RW  Size (RW Data + ZI Data)             18376 (  17.95kB)
    Total ROM Size (Code + RO Data + RW Data)      32052 (  31.30kB)

==============================================================================

